[2026-05-29 21:10:29.244] [jointLog] [info] setting maxHashResizeThreads to 8
[2026-05-29 21:10:29.244] [jointLog] [info] Fragment incompatibility prior below threshold.  Incompatible fragments will be ignored.
[2026-05-29 21:10:29.244] [jointLog] [info] Usage of --validateMappings implies use of minScoreFraction. Since not explicitly specified, it is being set to 0.65
[2026-05-29 21:10:29.244] [jointLog] [info] Setting consensusSlack to selective-alignment default of 0.35.
[2026-05-29 21:10:29.244] [jointLog] [info] parsing read library format
[2026-05-29 21:10:29.244] [jointLog] [info] There is 1 library.
[2026-05-29 21:10:29.244] [jointLog] [info] Loading pufferfish index
[2026-05-29 21:10:29.244] [jointLog] [info] Loading dense pufferfish index.
[2026-05-29 21:10:56.292] [jointLog] [info] done
[2026-05-29 21:10:56.357] [jointLog] [info] Index contained 315,988 targets
[2026-05-29 21:10:56.431] [jointLog] [info] Number of decoys : 194
[2026-05-29 21:10:56.431] [jointLog] [info] First decoy index : 315,747 
[2026-05-29 21:10:57.212] [jointLog] [info] Automatically detected most likely library type as ISR

[2026-05-29 21:24:32.454] [jointLog] [info] Thread saw mini-batch with a maximum of 4.54% zero probability fragments
[2026-05-29 21:24:32.566] [jointLog] [info] Thread saw mini-batch with a maximum of 4.34% zero probability fragments
[2026-05-29 21:24:32.624] [jointLog] [info] Thread saw mini-batch with a maximum of 4.48% zero probability fragments
[2026-05-29 21:24:32.811] [jointLog] [info] Thread saw mini-batch with a maximum of 4.48% zero probability fragments
[2026-05-29 21:24:32.835] [jointLog] [info] Thread saw mini-batch with a maximum of 4.36% zero probability fragments
[2026-05-29 21:24:32.836] [jointLog] [info] Thread saw mini-batch with a maximum of 4.26% zero probability fragments
[2026-05-29 21:24:32.854] [jointLog] [info] Thread saw mini-batch with a maximum of 4.48% zero probability fragments
[2026-05-29 21:24:32.902] [jointLog] [info] Thread saw mini-batch with a maximum of 4.38% zero probability fragments
[2026-05-29 21:24:33.618] [fileLog] [info] 
At end of round 0
==================
Observed 56444440 total fragments (56444440 in most recent round)

[2026-05-29 21:24:33.617] [jointLog] [info] Computed 833,935 rich equivalence classes for further processing
[2026-05-29 21:24:33.617] [jointLog] [info] Counted 30,890,800 total reads in the equivalence classes 
[2026-05-29 21:24:33.625] [jointLog] [info] Number of mappings discarded because of alignment score : 32,978,523
[2026-05-29 21:24:33.625] [jointLog] [info] Number of fragments entirely discarded because of alignment score : 9,414,897
[2026-05-29 21:24:33.625] [jointLog] [info] Number of fragments discarded because they are best-mapped to decoys : 8,682,409
[2026-05-29 21:24:33.625] [jointLog] [info] Number of fragments discarded because they have only dovetail (discordant) mappings to valid targets : 208,133
[2026-05-29 21:24:33.625] [jointLog] [info] Mapping rate = 54.7278%

[2026-05-29 21:24:33.625] [jointLog] [info] finished quantifyLibrary()
[2026-05-29 21:24:33.626] [jointLog] [info] Starting optimizer
[2026-05-29 21:24:33.874] [jointLog] [info] Marked 0 weighted equivalence classes as degenerate
[2026-05-29 21:24:33.915] [jointLog] [info] iteration = 0 | max rel diff. = 3711.05
[2026-05-29 21:24:37.910] [jointLog] [info] iteration = 100 | max rel diff. = 19.9775
[2026-05-29 21:24:41.881] [jointLog] [info] iteration = 200 | max rel diff. = 15.0824
[2026-05-29 21:24:45.842] [jointLog] [info] iteration = 300 | max rel diff. = 20.8804
[2026-05-29 21:24:49.874] [jointLog] [info] iteration = 400 | max rel diff. = 18.5968
[2026-05-29 21:24:53.906] [jointLog] [info] iteration = 500 | max rel diff. = 2.32612
[2026-05-29 21:24:57.944] [jointLog] [info] iteration = 600 | max rel diff. = 1.08955
[2026-05-29 21:25:01.978] [jointLog] [info] iteration = 700 | max rel diff. = 1.76456
[2026-05-29 21:25:05.807] [jointLog] [info] iteration = 800 | max rel diff. = 0.300221
[2026-05-29 21:25:09.623] [jointLog] [info] iteration = 900 | max rel diff. = 0.334519
[2026-05-29 21:25:13.544] [jointLog] [info] iteration = 1,000 | max rel diff. = 0.21667
[2026-05-29 21:25:17.310] [jointLog] [info] iteration = 1,100 | max rel diff. = 11.9008
[2026-05-29 21:25:21.106] [jointLog] [info] iteration = 1,200 | max rel diff. = 0.29307
[2026-05-29 21:25:24.902] [jointLog] [info] iteration = 1,300 | max rel diff. = 0.10879
[2026-05-29 21:25:28.701] [jointLog] [info] iteration = 1,400 | max rel diff. = 0.112439
[2026-05-29 21:25:32.516] [jointLog] [info] iteration = 1,500 | max rel diff. = 0.234544
[2026-05-29 21:25:36.324] [jointLog] [info] iteration = 1,600 | max rel diff. = 0.605379
[2026-05-29 21:25:40.101] [jointLog] [info] iteration = 1,700 | max rel diff. = 0.461745
[2026-05-29 21:25:43.919] [jointLog] [info] iteration = 1,800 | max rel diff. = 0.16877
[2026-05-29 21:25:47.706] [jointLog] [info] iteration = 1,900 | max rel diff. = 0.134166
[2026-05-29 21:25:51.489] [jointLog] [info] iteration = 2,000 | max rel diff. = 0.530792
[2026-05-29 21:25:55.285] [jointLog] [info] iteration = 2,100 | max rel diff. = 0.259556
[2026-05-29 21:25:59.088] [jointLog] [info] iteration = 2,200 | max rel diff. = 0.0597305
[2026-05-29 21:26:02.892] [jointLog] [info] iteration = 2,300 | max rel diff. = 0.0206095
[2026-05-29 21:26:06.707] [jointLog] [info] iteration = 2,400 | max rel diff. = 0.134063
[2026-05-29 21:26:08.734] [jointLog] [info] iteration = 2,451 | max rel diff. = 0.00582364
[2026-05-29 21:26:08.743] [jointLog] [info] Finished optimizer
[2026-05-29 21:26:08.743] [jointLog] [info] writing output 

