[2026-05-29 20:22:26.432] [jointLog] [info] setting maxHashResizeThreads to 8
[2026-05-29 20:22:26.432] [jointLog] [info] Fragment incompatibility prior below threshold.  Incompatible fragments will be ignored.
[2026-05-29 20:22:26.432] [jointLog] [info] Usage of --validateMappings implies use of minScoreFraction. Since not explicitly specified, it is being set to 0.65
[2026-05-29 20:22:26.432] [jointLog] [info] Setting consensusSlack to selective-alignment default of 0.35.
[2026-05-29 20:22:26.432] [jointLog] [info] parsing read library format
[2026-05-29 20:22:26.432] [jointLog] [info] There is 1 library.
[2026-05-29 20:22:26.432] [jointLog] [info] Loading pufferfish index
[2026-05-29 20:22:26.432] [jointLog] [info] Loading dense pufferfish index.
[2026-05-29 20:22:48.007] [jointLog] [info] done
[2026-05-29 20:22:48.060] [jointLog] [info] Index contained 315,988 targets
[2026-05-29 20:22:48.117] [jointLog] [info] Number of decoys : 194
[2026-05-29 20:22:48.117] [jointLog] [info] First decoy index : 315,747 
[2026-05-29 20:22:48.717] [jointLog] [info] Automatically detected most likely library type as ISR

[2026-05-29 20:37:07.606] [jointLog] [info] Thread saw mini-batch with a maximum of 4.04% zero probability fragments
[2026-05-29 20:37:07.634] [jointLog] [info] Thread saw mini-batch with a maximum of 3.80% zero probability fragments
[2026-05-29 20:37:07.729] [jointLog] [info] Thread saw mini-batch with a maximum of 3.78% zero probability fragments
[2026-05-29 20:37:07.790] [jointLog] [info] Thread saw mini-batch with a maximum of 4.18% zero probability fragments
[2026-05-29 20:37:07.910] [jointLog] [info] Thread saw mini-batch with a maximum of 3.84% zero probability fragments
[2026-05-29 20:37:07.938] [jointLog] [info] Thread saw mini-batch with a maximum of 3.92% zero probability fragments
[2026-05-29 20:37:07.997] [jointLog] [info] Thread saw mini-batch with a maximum of 3.86% zero probability fragments
[2026-05-29 20:37:08.093] [jointLog] [info] Thread saw mini-batch with a maximum of 3.82% zero probability fragments
[2026-05-29 20:37:08.614] [jointLog] [info] Computed 645,871 rich equivalence classes for further processing
[2026-05-29 20:37:08.614] [jointLog] [info] Counted 27,241,000 total reads in the equivalence classes 
[2026-05-29 20:37:08.619] [jointLog] [info] Number of mappings discarded because of alignment score : 26,134,895
[2026-05-29 20:37:08.619] [jointLog] [info] Number of fragments entirely discarded because of alignment score : 10,046,550
[2026-05-29 20:37:08.619] [jointLog] [info] Number of fragments discarded because they are best-mapped to decoys : 9,382,772
[2026-05-29 20:37:08.619] [jointLog] [info] Number of fragments discarded because they have only dovetail (discordant) mappings to valid targets : 146,561
[2026-05-29 20:37:08.619] [jointLog] [info] Mapping rate = 46.8184%

[2026-05-29 20:37:08.619] [jointLog] [info] finished quantifyLibrary()
[2026-05-29 20:37:08.620] [jointLog] [info] Starting optimizer
[2026-05-29 20:37:08.763] [jointLog] [info] Marked 0 weighted equivalence classes as degenerate
[2026-05-29 20:37:08.797] [jointLog] [info] iteration = 0 | max rel diff. = 3914.68
[2026-05-29 20:37:08.614] [fileLog] [info] 
At end of round 0
==================
Observed 58184411 total fragments (58184411 in most recent round)

[2026-05-29 20:37:12.149] [jointLog] [info] iteration = 100 | max rel diff. = 17.1852
[2026-05-29 20:37:15.517] [jointLog] [info] iteration = 200 | max rel diff. = 12.1162
[2026-05-29 20:37:18.869] [jointLog] [info] iteration = 300 | max rel diff. = 9.28259
[2026-05-29 20:37:22.231] [jointLog] [info] iteration = 400 | max rel diff. = 9.53858
[2026-05-29 20:37:25.591] [jointLog] [info] iteration = 500 | max rel diff. = 11.4347
[2026-05-29 20:37:28.765] [jointLog] [info] iteration = 600 | max rel diff. = 6.92118
[2026-05-29 20:37:31.925] [jointLog] [info] iteration = 700 | max rel diff. = 0.670843
[2026-05-29 20:37:35.089] [jointLog] [info] iteration = 800 | max rel diff. = 1.59852
[2026-05-29 20:37:38.252] [jointLog] [info] iteration = 900 | max rel diff. = 13.8132
[2026-05-29 20:37:41.538] [jointLog] [info] iteration = 1,000 | max rel diff. = 1.42481
[2026-05-29 20:37:44.815] [jointLog] [info] iteration = 1,100 | max rel diff. = 0.508315
[2026-05-29 20:37:48.062] [jointLog] [info] iteration = 1,200 | max rel diff. = 0.719314
[2026-05-29 20:37:51.179] [jointLog] [info] iteration = 1,300 | max rel diff. = 2.93624
[2026-05-29 20:37:54.293] [jointLog] [info] iteration = 1,400 | max rel diff. = 0.123433
[2026-05-29 20:37:57.404] [jointLog] [info] iteration = 1,500 | max rel diff. = 0.168786
[2026-05-29 20:38:00.543] [jointLog] [info] iteration = 1,600 | max rel diff. = 0.236852
[2026-05-29 20:38:03.656] [jointLog] [info] iteration = 1,700 | max rel diff. = 0.0528786
[2026-05-29 20:38:06.757] [jointLog] [info] iteration = 1,800 | max rel diff. = 0.0463156
[2026-05-29 20:38:09.792] [jointLog] [info] iteration = 1,900 | max rel diff. = 0.0645981
[2026-05-29 20:38:12.898] [jointLog] [info] iteration = 2,000 | max rel diff. = 0.0624364
[2026-05-29 20:38:16.020] [jointLog] [info] iteration = 2,100 | max rel diff. = 0.0653741
[2026-05-29 20:38:19.132] [jointLog] [info] iteration = 2,200 | max rel diff. = 0.0425569
[2026-05-29 20:38:22.231] [jointLog] [info] iteration = 2,300 | max rel diff. = 0.0474274
[2026-05-29 20:38:25.356] [jointLog] [info] iteration = 2,400 | max rel diff. = 0.0165018
[2026-05-29 20:38:28.483] [jointLog] [info] iteration = 2,500 | max rel diff. = 0.046823
[2026-05-29 20:38:31.598] [jointLog] [info] iteration = 2,600 | max rel diff. = 0.117738
[2026-05-29 20:38:31.912] [jointLog] [info] iteration = 2,611 | max rel diff. = 0.00713186
[2026-05-29 20:38:31.919] [jointLog] [info] Finished optimizer
[2026-05-29 20:38:31.919] [jointLog] [info] writing output 

