                                 Started job on |	May 30 01:07:47
                             Started mapping on |	May 30 01:08:02
                                    Finished on |	May 30 01:15:47
       Mapping speed, Million of reads per hour |	437.15

                          Number of input reads |	56465205
                      Average input read length |	298
                                    UNIQUE READS:
                   Uniquely mapped reads number |	51824769
                        Uniquely mapped reads % |	91.78%
                          Average mapped length |	297.90
                       Number of splices: Total |	28477353
            Number of splices: Annotated (sjdb) |	28229521
                       Number of splices: GT/AG |	28186239
                       Number of splices: GC/AG |	198821
                       Number of splices: AT/AC |	21358
               Number of splices: Non-canonical |	70935
                      Mismatch rate per base, % |	0.21%
                         Deletion rate per base |	0.01%
                        Deletion average length |	1.84
                        Insertion rate per base |	0.02%
                       Insertion average length |	1.42
                             MULTI-MAPPING READS:
        Number of reads mapped to multiple loci |	2464426
             % of reads mapped to multiple loci |	4.36%
        Number of reads mapped to too many loci |	93150
             % of reads mapped to too many loci |	0.16%
                                  UNMAPPED READS:
  Number of reads unmapped: too many mismatches |	0
       % of reads unmapped: too many mismatches |	0.00%
            Number of reads unmapped: too short |	2057772
                 % of reads unmapped: too short |	3.64%
                Number of reads unmapped: other |	25088
                     % of reads unmapped: other |	0.04%
                                  CHIMERIC READS:
                       Number of chimeric reads |	0
                            % of chimeric reads |	0.00%
