                                 Started job on |	May 30 00:53:15
                             Started mapping on |	May 30 00:53:30
                                    Finished on |	May 30 01:02:00
       Mapping speed, Million of reads per hour |	399.28

                          Number of input reads |	56565295
                      Average input read length |	299
                                    UNIQUE READS:
                   Uniquely mapped reads number |	51312567
                        Uniquely mapped reads % |	90.71%
                          Average mapped length |	298.24
                       Number of splices: Total |	34355532
            Number of splices: Annotated (sjdb) |	34083729
                       Number of splices: GT/AG |	34011075
                       Number of splices: GC/AG |	239218
                       Number of splices: AT/AC |	27276
               Number of splices: Non-canonical |	77963
                      Mismatch rate per base, % |	0.22%
                         Deletion rate per base |	0.01%
                        Deletion average length |	1.84
                        Insertion rate per base |	0.01%
                       Insertion average length |	1.43
                             MULTI-MAPPING READS:
        Number of reads mapped to multiple loci |	3199449
             % of reads mapped to multiple loci |	5.66%
        Number of reads mapped to too many loci |	163838
             % of reads mapped to too many loci |	0.29%
                                  UNMAPPED READS:
  Number of reads unmapped: too many mismatches |	0
       % of reads unmapped: too many mismatches |	0.00%
            Number of reads unmapped: too short |	1869418
                 % of reads unmapped: too short |	3.30%
                Number of reads unmapped: other |	20023
                     % of reads unmapped: other |	0.04%
                                  CHIMERIC READS:
                       Number of chimeric reads |	0
                            % of chimeric reads |	0.00%
