                                 Started job on |	May 30 03:24:13
                             Started mapping on |	May 30 03:24:28
                                    Finished on |	May 30 03:31:49
       Mapping speed, Million of reads per hour |	419.42

                          Number of input reads |	51379191
                      Average input read length |	299
                                    UNIQUE READS:
                   Uniquely mapped reads number |	48088768
                        Uniquely mapped reads % |	93.60%
                          Average mapped length |	298.35
                       Number of splices: Total |	31077895
            Number of splices: Annotated (sjdb) |	30831780
                       Number of splices: GT/AG |	30770698
                       Number of splices: GC/AG |	216373
                       Number of splices: AT/AC |	23170
               Number of splices: Non-canonical |	67654
                      Mismatch rate per base, % |	0.21%
                         Deletion rate per base |	0.01%
                        Deletion average length |	1.80
                        Insertion rate per base |	0.01%
                       Insertion average length |	1.42
                             MULTI-MAPPING READS:
        Number of reads mapped to multiple loci |	1881492
             % of reads mapped to multiple loci |	3.66%
        Number of reads mapped to too many loci |	70380
             % of reads mapped to too many loci |	0.14%
                                  UNMAPPED READS:
  Number of reads unmapped: too many mismatches |	0
       % of reads unmapped: too many mismatches |	0.00%
            Number of reads unmapped: too short |	1318765
                 % of reads unmapped: too short |	2.57%
                Number of reads unmapped: other |	19786
                     % of reads unmapped: other |	0.04%
                                  CHIMERIC READS:
                       Number of chimeric reads |	0
                            % of chimeric reads |	0.00%
