                                 Started job on |	May 30 02:46:35
                             Started mapping on |	May 30 02:46:50
                                    Finished on |	May 30 02:54:43
       Mapping speed, Million of reads per hour |	397.58

                          Number of input reads |	52237409
                      Average input read length |	299
                                    UNIQUE READS:
                   Uniquely mapped reads number |	48167604
                        Uniquely mapped reads % |	92.21%
                          Average mapped length |	298.12
                       Number of splices: Total |	30715008
            Number of splices: Annotated (sjdb) |	30469162
                       Number of splices: GT/AG |	30409000
                       Number of splices: GC/AG |	214440
                       Number of splices: AT/AC |	22981
               Number of splices: Non-canonical |	68587
                      Mismatch rate per base, % |	0.22%
                         Deletion rate per base |	0.01%
                        Deletion average length |	1.81
                        Insertion rate per base |	0.01%
                       Insertion average length |	1.41
                             MULTI-MAPPING READS:
        Number of reads mapped to multiple loci |	2186837
             % of reads mapped to multiple loci |	4.19%
        Number of reads mapped to too many loci |	76501
             % of reads mapped to too many loci |	0.15%
                                  UNMAPPED READS:
  Number of reads unmapped: too many mismatches |	0
       % of reads unmapped: too many mismatches |	0.00%
            Number of reads unmapped: too short |	1785937
                 % of reads unmapped: too short |	3.42%
                Number of reads unmapped: other |	20530
                     % of reads unmapped: other |	0.04%
                                  CHIMERIC READS:
                       Number of chimeric reads |	0
                            % of chimeric reads |	0.00%
