                                 Started job on |	May 29 23:43:45
                             Started mapping on |	May 29 23:43:59
                                    Finished on |	May 29 23:54:35
       Mapping speed, Million of reads per hour |	334.43

                          Number of input reads |	59082454
                      Average input read length |	298
                                    UNIQUE READS:
                   Uniquely mapped reads number |	50732660
                        Uniquely mapped reads % |	85.87%
                          Average mapped length |	297.79
                       Number of splices: Total |	31533263
            Number of splices: Annotated (sjdb) |	31269142
                       Number of splices: GT/AG |	31206912
                       Number of splices: GC/AG |	218787
                       Number of splices: AT/AC |	24819
               Number of splices: Non-canonical |	82745
                      Mismatch rate per base, % |	0.22%
                         Deletion rate per base |	0.02%
                        Deletion average length |	1.81
                        Insertion rate per base |	0.02%
                       Insertion average length |	1.42
                             MULTI-MAPPING READS:
        Number of reads mapped to multiple loci |	3459012
             % of reads mapped to multiple loci |	5.85%
        Number of reads mapped to too many loci |	163153
             % of reads mapped to too many loci |	0.28%
                                  UNMAPPED READS:
  Number of reads unmapped: too many mismatches |	0
       % of reads unmapped: too many mismatches |	0.00%
            Number of reads unmapped: too short |	4706713
                 % of reads unmapped: too short |	7.97%
                Number of reads unmapped: other |	20916
                     % of reads unmapped: other |	0.04%
                                  CHIMERIC READS:
                       Number of chimeric reads |	0
                            % of chimeric reads |	0.00%
