                                 Started job on |	May 29 23:56:41
                             Started mapping on |	May 29 23:56:55
                                    Finished on |	May 30 00:04:39
       Mapping speed, Million of reads per hour |	443.95

                          Number of input reads |	57219660
                      Average input read length |	299
                                    UNIQUE READS:
                   Uniquely mapped reads number |	52901420
                        Uniquely mapped reads % |	92.45%
                          Average mapped length |	298.24
                       Number of splices: Total |	27272356
            Number of splices: Annotated (sjdb) |	27032178
                       Number of splices: GT/AG |	26989411
                       Number of splices: GC/AG |	194410
                       Number of splices: AT/AC |	21369
               Number of splices: Non-canonical |	67166
                      Mismatch rate per base, % |	0.20%
                         Deletion rate per base |	0.02%
                        Deletion average length |	1.83
                        Insertion rate per base |	0.02%
                       Insertion average length |	1.44
                             MULTI-MAPPING READS:
        Number of reads mapped to multiple loci |	2623079
             % of reads mapped to multiple loci |	4.58%
        Number of reads mapped to too many loci |	123241
             % of reads mapped to too many loci |	0.22%
                                  UNMAPPED READS:
  Number of reads unmapped: too many mismatches |	0
       % of reads unmapped: too many mismatches |	0.00%
            Number of reads unmapped: too short |	1545290
                 % of reads unmapped: too short |	2.70%
                Number of reads unmapped: other |	26630
                     % of reads unmapped: other |	0.05%
                                  CHIMERIC READS:
                       Number of chimeric reads |	0
                            % of chimeric reads |	0.00%
