                                 Started job on |	May 30 03:31:49
                             Started mapping on |	May 30 03:32:04
                                    Finished on |	May 30 03:39:25
       Mapping speed, Million of reads per hour |	421.43

                          Number of input reads |	51625497
                      Average input read length |	299
                                    UNIQUE READS:
                   Uniquely mapped reads number |	48200795
                        Uniquely mapped reads % |	93.37%
                          Average mapped length |	298.20
                       Number of splices: Total |	32067952
            Number of splices: Annotated (sjdb) |	31787628
                       Number of splices: GT/AG |	31731088
                       Number of splices: GC/AG |	240355
                       Number of splices: AT/AC |	28229
               Number of splices: Non-canonical |	68280
                      Mismatch rate per base, % |	0.20%
                         Deletion rate per base |	0.01%
                        Deletion average length |	1.83
                        Insertion rate per base |	0.02%
                       Insertion average length |	1.43
                             MULTI-MAPPING READS:
        Number of reads mapped to multiple loci |	1960739
             % of reads mapped to multiple loci |	3.80%
        Number of reads mapped to too many loci |	61986
             % of reads mapped to too many loci |	0.12%
                                  UNMAPPED READS:
  Number of reads unmapped: too many mismatches |	0
       % of reads unmapped: too many mismatches |	0.00%
            Number of reads unmapped: too short |	1374552
                 % of reads unmapped: too short |	2.66%
                Number of reads unmapped: other |	27425
                     % of reads unmapped: other |	0.05%
                                  CHIMERIC READS:
                       Number of chimeric reads |	0
                            % of chimeric reads |	0.00%
