                                 Started job on |	May 29 22:38:55
                             Started mapping on |	May 29 22:39:10
                                    Finished on |	May 29 22:48:27
       Mapping speed, Million of reads per hour |	386.50

                          Number of input reads |	59799788
                      Average input read length |	299
                                    UNIQUE READS:
                   Uniquely mapped reads number |	55248362
                        Uniquely mapped reads % |	92.39%
                          Average mapped length |	298.00
                       Number of splices: Total |	34719142
            Number of splices: Annotated (sjdb) |	34414568
                       Number of splices: GT/AG |	34370724
                       Number of splices: GC/AG |	240905
                       Number of splices: AT/AC |	29643
               Number of splices: Non-canonical |	77870
                      Mismatch rate per base, % |	0.22%
                         Deletion rate per base |	0.01%
                        Deletion average length |	1.82
                        Insertion rate per base |	0.01%
                       Insertion average length |	1.41
                             MULTI-MAPPING READS:
        Number of reads mapped to multiple loci |	2545349
             % of reads mapped to multiple loci |	4.26%
        Number of reads mapped to too many loci |	99535
             % of reads mapped to too many loci |	0.17%
                                  UNMAPPED READS:
  Number of reads unmapped: too many mismatches |	0
       % of reads unmapped: too many mismatches |	0.00%
            Number of reads unmapped: too short |	1861366
                 % of reads unmapped: too short |	3.11%
                Number of reads unmapped: other |	45176
                     % of reads unmapped: other |	0.08%
                                  CHIMERIC READS:
                       Number of chimeric reads |	0
                            % of chimeric reads |	0.00%
