                                 Started job on |	May 30 01:56:45
                             Started mapping on |	May 30 01:57:00
                                    Finished on |	May 30 02:04:06
       Mapping speed, Million of reads per hour |	459.78

                          Number of input reads |	54407762
                      Average input read length |	299
                                    UNIQUE READS:
                   Uniquely mapped reads number |	50714735
                        Uniquely mapped reads % |	93.21%
                          Average mapped length |	298.24
                       Number of splices: Total |	33493230
            Number of splices: Annotated (sjdb) |	33194324
                       Number of splices: GT/AG |	33143058
                       Number of splices: GC/AG |	247474
                       Number of splices: AT/AC |	30068
               Number of splices: Non-canonical |	72630
                      Mismatch rate per base, % |	0.21%
                         Deletion rate per base |	0.01%
                        Deletion average length |	1.85
                        Insertion rate per base |	0.02%
                       Insertion average length |	1.44
                             MULTI-MAPPING READS:
        Number of reads mapped to multiple loci |	2236310
             % of reads mapped to multiple loci |	4.11%
        Number of reads mapped to too many loci |	99640
             % of reads mapped to too many loci |	0.18%
                                  UNMAPPED READS:
  Number of reads unmapped: too many mismatches |	0
       % of reads unmapped: too many mismatches |	0.00%
            Number of reads unmapped: too short |	1326564
                 % of reads unmapped: too short |	2.44%
                Number of reads unmapped: other |	30513
                     % of reads unmapped: other |	0.06%
                                  CHIMERIC READS:
                       Number of chimeric reads |	0
                            % of chimeric reads |	0.00%
