                                 Started job on |	May 30 03:09:20
                             Started mapping on |	May 30 03:09:34
                                    Finished on |	May 30 03:16:48
       Mapping speed, Million of reads per hour |	438.80

                          Number of input reads |	52899880
                      Average input read length |	298
                                    UNIQUE READS:
                   Uniquely mapped reads number |	49076381
                        Uniquely mapped reads % |	92.77%
                          Average mapped length |	297.84
                       Number of splices: Total |	30600082
            Number of splices: Annotated (sjdb) |	30334198
                       Number of splices: GT/AG |	30296149
                       Number of splices: GC/AG |	209783
                       Number of splices: AT/AC |	26567
               Number of splices: Non-canonical |	67583
                      Mismatch rate per base, % |	0.22%
                         Deletion rate per base |	0.01%
                        Deletion average length |	1.82
                        Insertion rate per base |	0.01%
                       Insertion average length |	1.40
                             MULTI-MAPPING READS:
        Number of reads mapped to multiple loci |	2096752
             % of reads mapped to multiple loci |	3.96%
        Number of reads mapped to too many loci |	57876
             % of reads mapped to too many loci |	0.11%
                                  UNMAPPED READS:
  Number of reads unmapped: too many mismatches |	0
       % of reads unmapped: too many mismatches |	0.00%
            Number of reads unmapped: too short |	1631742
                 % of reads unmapped: too short |	3.08%
                Number of reads unmapped: other |	37129
                     % of reads unmapped: other |	0.07%
                                  CHIMERIC READS:
                       Number of chimeric reads |	0
                            % of chimeric reads |	0.00%
