                                 Started job on |	May 30 02:20:58
                             Started mapping on |	May 30 02:21:12
                                    Finished on |	May 30 02:28:38
       Mapping speed, Million of reads per hour |	428.10

                          Number of input reads |	53037226
                      Average input read length |	299
                                    UNIQUE READS:
                   Uniquely mapped reads number |	48154233
                        Uniquely mapped reads % |	90.79%
                          Average mapped length |	298.18
                       Number of splices: Total |	29158831
            Number of splices: Annotated (sjdb) |	28894655
                       Number of splices: GT/AG |	28839696
                       Number of splices: GC/AG |	223594
                       Number of splices: AT/AC |	26687
               Number of splices: Non-canonical |	68854
                      Mismatch rate per base, % |	0.22%
                         Deletion rate per base |	0.01%
                        Deletion average length |	1.85
                        Insertion rate per base |	0.02%
                       Insertion average length |	1.42
                             MULTI-MAPPING READS:
        Number of reads mapped to multiple loci |	3145811
             % of reads mapped to multiple loci |	5.93%
        Number of reads mapped to too many loci |	196359
             % of reads mapped to too many loci |	0.37%
                                  UNMAPPED READS:
  Number of reads unmapped: too many mismatches |	0
       % of reads unmapped: too many mismatches |	0.00%
            Number of reads unmapped: too short |	1498947
                 % of reads unmapped: too short |	2.83%
                Number of reads unmapped: other |	41876
                     % of reads unmapped: other |	0.08%
                                  CHIMERIC READS:
                       Number of chimeric reads |	0
                            % of chimeric reads |	0.00%
