                                 Started job on |	May 29 22:44:33
                             Started mapping on |	May 29 22:44:48
                                    Finished on |	May 29 22:53:18
       Mapping speed, Million of reads per hour |	408.99

                          Number of input reads |	57940569
                      Average input read length |	299
                                    UNIQUE READS:
                   Uniquely mapped reads number |	53723520
                        Uniquely mapped reads % |	92.72%
                          Average mapped length |	298.13
                       Number of splices: Total |	34180365
            Number of splices: Annotated (sjdb) |	33875862
                       Number of splices: GT/AG |	33838498
                       Number of splices: GC/AG |	235498
                       Number of splices: AT/AC |	28802
               Number of splices: Non-canonical |	77567
                      Mismatch rate per base, % |	0.23%
                         Deletion rate per base |	0.01%
                        Deletion average length |	1.83
                        Insertion rate per base |	0.01%
                       Insertion average length |	1.43
                             MULTI-MAPPING READS:
        Number of reads mapped to multiple loci |	2522833
             % of reads mapped to multiple loci |	4.35%
        Number of reads mapped to too many loci |	122372
             % of reads mapped to too many loci |	0.21%
                                  UNMAPPED READS:
  Number of reads unmapped: too many mismatches |	0
       % of reads unmapped: too many mismatches |	0.00%
            Number of reads unmapped: too short |	1527904
                 % of reads unmapped: too short |	2.64%
                Number of reads unmapped: other |	43940
                     % of reads unmapped: other |	0.08%
                                  CHIMERIC READS:
                       Number of chimeric reads |	0
                            % of chimeric reads |	0.00%
