                                 Started job on |	May 30 03:01:48
                             Started mapping on |	May 30 03:02:03
                                    Finished on |	May 30 03:09:19
       Mapping speed, Million of reads per hour |	417.70

                          Number of input reads |	50587927
                      Average input read length |	299
                                    UNIQUE READS:
                   Uniquely mapped reads number |	45329635
                        Uniquely mapped reads % |	89.61%
                          Average mapped length |	297.98
                       Number of splices: Total |	28696785
            Number of splices: Annotated (sjdb) |	28439318
                       Number of splices: GT/AG |	28386254
                       Number of splices: GC/AG |	214852
                       Number of splices: AT/AC |	24628
               Number of splices: Non-canonical |	71051
                      Mismatch rate per base, % |	0.24%
                         Deletion rate per base |	0.01%
                        Deletion average length |	1.86
                        Insertion rate per base |	0.02%
                       Insertion average length |	1.41
                             MULTI-MAPPING READS:
        Number of reads mapped to multiple loci |	3117190
             % of reads mapped to multiple loci |	6.16%
        Number of reads mapped to too many loci |	179039
             % of reads mapped to too many loci |	0.35%
                                  UNMAPPED READS:
  Number of reads unmapped: too many mismatches |	0
       % of reads unmapped: too many mismatches |	0.00%
            Number of reads unmapped: too short |	1930178
                 % of reads unmapped: too short |	3.82%
                Number of reads unmapped: other |	31885
                     % of reads unmapped: other |	0.06%
                                  CHIMERIC READS:
                       Number of chimeric reads |	0
                            % of chimeric reads |	0.00%
