                                 Started job on |	May 30 03:16:49
                             Started mapping on |	May 30 03:17:04
                                    Finished on |	May 30 03:24:13
       Mapping speed, Million of reads per hour |	428.19

                          Number of input reads |	51025617
                      Average input read length |	299
                                    UNIQUE READS:
                   Uniquely mapped reads number |	46358299
                        Uniquely mapped reads % |	90.85%
                          Average mapped length |	298.10
                       Number of splices: Total |	24611639
            Number of splices: Annotated (sjdb) |	24381615
                       Number of splices: GT/AG |	24353127
                       Number of splices: GC/AG |	175288
                       Number of splices: AT/AC |	21716
               Number of splices: Non-canonical |	61508
                      Mismatch rate per base, % |	0.21%
                         Deletion rate per base |	0.02%
                        Deletion average length |	1.84
                        Insertion rate per base |	0.02%
                       Insertion average length |	1.42
                             MULTI-MAPPING READS:
        Number of reads mapped to multiple loci |	3338254
             % of reads mapped to multiple loci |	6.54%
        Number of reads mapped to too many loci |	240224
             % of reads mapped to too many loci |	0.47%
                                  UNMAPPED READS:
  Number of reads unmapped: too many mismatches |	0
       % of reads unmapped: too many mismatches |	0.00%
            Number of reads unmapped: too short |	1060073
                 % of reads unmapped: too short |	2.08%
                Number of reads unmapped: other |	28767
                     % of reads unmapped: other |	0.06%
                                  CHIMERIC READS:
                       Number of chimeric reads |	0
                            % of chimeric reads |	0.00%
