                                 Started job on |	May 30 00:25:12
                             Started mapping on |	May 30 00:25:27
                                    Finished on |	May 30 00:33:18
       Mapping speed, Million of reads per hour |	425.02

                          Number of input reads |	55606352
                      Average input read length |	299
                                    UNIQUE READS:
                   Uniquely mapped reads number |	51160784
                        Uniquely mapped reads % |	92.01%
                          Average mapped length |	297.97
                       Number of splices: Total |	29337003
            Number of splices: Annotated (sjdb) |	29049815
                       Number of splices: GT/AG |	29024626
                       Number of splices: GC/AG |	214152
                       Number of splices: AT/AC |	26435
               Number of splices: Non-canonical |	71790
                      Mismatch rate per base, % |	0.24%
                         Deletion rate per base |	0.01%
                        Deletion average length |	1.85
                        Insertion rate per base |	0.02%
                       Insertion average length |	1.41
                             MULTI-MAPPING READS:
        Number of reads mapped to multiple loci |	2717877
             % of reads mapped to multiple loci |	4.89%
        Number of reads mapped to too many loci |	149628
             % of reads mapped to too many loci |	0.27%
                                  UNMAPPED READS:
  Number of reads unmapped: too many mismatches |	0
       % of reads unmapped: too many mismatches |	0.00%
            Number of reads unmapped: too short |	1552367
                 % of reads unmapped: too short |	2.79%
                Number of reads unmapped: other |	25696
                     % of reads unmapped: other |	0.05%
                                  CHIMERIC READS:
                       Number of chimeric reads |	0
                            % of chimeric reads |	0.00%
