                                 Started job on |	May 30 01:24:44
                             Started mapping on |	May 30 01:24:58
                                    Finished on |	May 30 01:32:28
       Mapping speed, Million of reads per hour |	437.12

                          Number of input reads |	54640552
                      Average input read length |	298
                                    UNIQUE READS:
                   Uniquely mapped reads number |	50508572
                        Uniquely mapped reads % |	92.44%
                          Average mapped length |	297.72
                       Number of splices: Total |	27093872
            Number of splices: Annotated (sjdb) |	26820687
                       Number of splices: GT/AG |	26803462
                       Number of splices: GC/AG |	198852
                       Number of splices: AT/AC |	23688
               Number of splices: Non-canonical |	67870
                      Mismatch rate per base, % |	0.22%
                         Deletion rate per base |	0.01%
                        Deletion average length |	1.85
                        Insertion rate per base |	0.02%
                       Insertion average length |	1.44
                             MULTI-MAPPING READS:
        Number of reads mapped to multiple loci |	2759043
             % of reads mapped to multiple loci |	5.05%
        Number of reads mapped to too many loci |	132487
             % of reads mapped to too many loci |	0.24%
                                  UNMAPPED READS:
  Number of reads unmapped: too many mismatches |	0
       % of reads unmapped: too many mismatches |	0.00%
            Number of reads unmapped: too short |	1215512
                 % of reads unmapped: too short |	2.22%
                Number of reads unmapped: other |	24938
                     % of reads unmapped: other |	0.05%
                                  CHIMERIC READS:
                       Number of chimeric reads |	0
                            % of chimeric reads |	0.00%
