                                 Started job on |	May 30 01:32:28
                             Started mapping on |	May 30 01:32:43
                                    Finished on |	May 30 01:40:28
       Mapping speed, Million of reads per hour |	416.06

                          Number of input reads |	53740569
                      Average input read length |	299
                                    UNIQUE READS:
                   Uniquely mapped reads number |	49439458
                        Uniquely mapped reads % |	92.00%
                          Average mapped length |	298.04
                       Number of splices: Total |	28020950
            Number of splices: Annotated (sjdb) |	27763724
                       Number of splices: GT/AG |	27716443
                       Number of splices: GC/AG |	216004
                       Number of splices: AT/AC |	26510
               Number of splices: Non-canonical |	61993
                      Mismatch rate per base, % |	0.23%
                         Deletion rate per base |	0.01%
                        Deletion average length |	1.85
                        Insertion rate per base |	0.02%
                       Insertion average length |	1.44
                             MULTI-MAPPING READS:
        Number of reads mapped to multiple loci |	2776572
             % of reads mapped to multiple loci |	5.17%
        Number of reads mapped to too many loci |	133014
             % of reads mapped to too many loci |	0.25%
                                  UNMAPPED READS:
  Number of reads unmapped: too many mismatches |	0
       % of reads unmapped: too many mismatches |	0.00%
            Number of reads unmapped: too short |	1353454
                 % of reads unmapped: too short |	2.52%
                Number of reads unmapped: other |	38071
                     % of reads unmapped: other |	0.07%
                                  CHIMERIC READS:
                       Number of chimeric reads |	0
                            % of chimeric reads |	0.00%
