                                 Started job on |	May 30 00:45:05
                             Started mapping on |	May 30 00:45:20
                                    Finished on |	May 30 00:53:14
       Mapping speed, Million of reads per hour |	421.70

                          Number of input reads |	55524233
                      Average input read length |	299
                                    UNIQUE READS:
                   Uniquely mapped reads number |	50980513
                        Uniquely mapped reads % |	91.82%
                          Average mapped length |	297.91
                       Number of splices: Total |	30158064
            Number of splices: Annotated (sjdb) |	29879978
                       Number of splices: GT/AG |	29828764
                       Number of splices: GC/AG |	232796
                       Number of splices: AT/AC |	27767
               Number of splices: Non-canonical |	68737
                      Mismatch rate per base, % |	0.23%
                         Deletion rate per base |	0.01%
                        Deletion average length |	1.86
                        Insertion rate per base |	0.02%
                       Insertion average length |	1.43
                             MULTI-MAPPING READS:
        Number of reads mapped to multiple loci |	2744376
             % of reads mapped to multiple loci |	4.94%
        Number of reads mapped to too many loci |	126731
             % of reads mapped to too many loci |	0.23%
                                  UNMAPPED READS:
  Number of reads unmapped: too many mismatches |	0
       % of reads unmapped: too many mismatches |	0.00%
            Number of reads unmapped: too short |	1636384
                 % of reads unmapped: too short |	2.95%
                Number of reads unmapped: other |	36229
                     % of reads unmapped: other |	0.07%
                                  CHIMERIC READS:
                       Number of chimeric reads |	0
                            % of chimeric reads |	0.00%
