                                 Started job on |	May 29 22:26:43
                             Started mapping on |	May 29 22:26:58
                                    Finished on |	May 29 22:35:26
       Mapping speed, Million of reads per hour |	419.69

                          Number of input reads |	59223627
                      Average input read length |	299
                                    UNIQUE READS:
                   Uniquely mapped reads number |	54272891
                        Uniquely mapped reads % |	91.64%
                          Average mapped length |	297.93
                       Number of splices: Total |	32159683
            Number of splices: Annotated (sjdb) |	31868506
                       Number of splices: GT/AG |	31810857
                       Number of splices: GC/AG |	247518
                       Number of splices: AT/AC |	29333
               Number of splices: Non-canonical |	71975
                      Mismatch rate per base, % |	0.23%
                         Deletion rate per base |	0.01%
                        Deletion average length |	1.84
                        Insertion rate per base |	0.02%
                       Insertion average length |	1.43
                             MULTI-MAPPING READS:
        Number of reads mapped to multiple loci |	2942880
             % of reads mapped to multiple loci |	4.97%
        Number of reads mapped to too many loci |	133977
             % of reads mapped to too many loci |	0.23%
                                  UNMAPPED READS:
  Number of reads unmapped: too many mismatches |	0
       % of reads unmapped: too many mismatches |	0.00%
            Number of reads unmapped: too short |	1834675
                 % of reads unmapped: too short |	3.10%
                Number of reads unmapped: other |	39204
                     % of reads unmapped: other |	0.07%
                                  CHIMERIC READS:
                       Number of chimeric reads |	0
                            % of chimeric reads |	0.00%
