                                 Started job on |	May 29 22:21:35
                             Started mapping on |	May 29 22:21:50
                                    Finished on |	May 29 22:32:01
       Mapping speed, Million of reads per hour |	342.82

                          Number of input reads |	58184411
                      Average input read length |	298
                                    UNIQUE READS:
                   Uniquely mapped reads number |	50510274
                        Uniquely mapped reads % |	86.81%
                          Average mapped length |	297.66
                       Number of splices: Total |	27222179
            Number of splices: Annotated (sjdb) |	26949876
                       Number of splices: GT/AG |	26911954
                       Number of splices: GC/AG |	207266
                       Number of splices: AT/AC |	24485
               Number of splices: Non-canonical |	78474
                      Mismatch rate per base, % |	0.26%
                         Deletion rate per base |	0.02%
                        Deletion average length |	1.87
                        Insertion rate per base |	0.02%
                       Insertion average length |	1.43
                             MULTI-MAPPING READS:
        Number of reads mapped to multiple loci |	3884521
             % of reads mapped to multiple loci |	6.68%
        Number of reads mapped to too many loci |	227408
             % of reads mapped to too many loci |	0.39%
                                  UNMAPPED READS:
  Number of reads unmapped: too many mismatches |	0
       % of reads unmapped: too many mismatches |	0.00%
            Number of reads unmapped: too short |	3529033
                 % of reads unmapped: too short |	6.07%
                Number of reads unmapped: other |	33175
                     % of reads unmapped: other |	0.06%
                                  CHIMERIC READS:
                       Number of chimeric reads |	0
                            % of chimeric reads |	0.00%
