                                 Started job on |	May 29 22:11:01
                             Started mapping on |	May 29 22:13:08
                                    Finished on |	May 29 22:21:34
       Mapping speed, Million of reads per hour |	428.05

                          Number of input reads |	60164644
                      Average input read length |	299
                                    UNIQUE READS:
                   Uniquely mapped reads number |	55667459
                        Uniquely mapped reads % |	92.53%
                          Average mapped length |	298.00
                       Number of splices: Total |	35708943
            Number of splices: Annotated (sjdb) |	35373255
                       Number of splices: GT/AG |	35341520
                       Number of splices: GC/AG |	255352
                       Number of splices: AT/AC |	30733
               Number of splices: Non-canonical |	81338
                      Mismatch rate per base, % |	0.24%
                         Deletion rate per base |	0.01%
                        Deletion average length |	1.83
                        Insertion rate per base |	0.01%
                       Insertion average length |	1.42
                             MULTI-MAPPING READS:
        Number of reads mapped to multiple loci |	3079591
             % of reads mapped to multiple loci |	5.12%
        Number of reads mapped to too many loci |	192061
             % of reads mapped to too many loci |	0.32%
                                  UNMAPPED READS:
  Number of reads unmapped: too many mismatches |	0
       % of reads unmapped: too many mismatches |	0.00%
            Number of reads unmapped: too short |	1186838
                 % of reads unmapped: too short |	1.97%
                Number of reads unmapped: other |	38695
                     % of reads unmapped: other |	0.06%
                                  CHIMERIC READS:
                       Number of chimeric reads |	0
                            % of chimeric reads |	0.00%
