                                 Started job on |	May 30 02:39:01
                             Started mapping on |	May 30 02:39:15
                                    Finished on |	May 30 02:46:35
       Mapping speed, Million of reads per hour |	418.46

                          Number of input reads |	51145134
                      Average input read length |	299
                                    UNIQUE READS:
                   Uniquely mapped reads number |	47204610
                        Uniquely mapped reads % |	92.30%
                          Average mapped length |	298.10
                       Number of splices: Total |	26442995
            Number of splices: Annotated (sjdb) |	26196948
                       Number of splices: GT/AG |	26170336
                       Number of splices: GC/AG |	190171
                       Number of splices: AT/AC |	23226
               Number of splices: Non-canonical |	59262
                      Mismatch rate per base, % |	0.23%
                         Deletion rate per base |	0.01%
                        Deletion average length |	1.82
                        Insertion rate per base |	0.02%
                       Insertion average length |	1.41
                             MULTI-MAPPING READS:
        Number of reads mapped to multiple loci |	2141964
             % of reads mapped to multiple loci |	4.19%
        Number of reads mapped to too many loci |	108730
             % of reads mapped to too many loci |	0.21%
                                  UNMAPPED READS:
  Number of reads unmapped: too many mismatches |	0
       % of reads unmapped: too many mismatches |	0.00%
            Number of reads unmapped: too short |	1648731
                 % of reads unmapped: too short |	3.22%
                Number of reads unmapped: other |	41099
                     % of reads unmapped: other |	0.08%
                                  CHIMERIC READS:
                       Number of chimeric reads |	0
                            % of chimeric reads |	0.00%
