                                 Started job on |	May 29 22:17:42
                             Started mapping on |	May 29 22:17:57
                                    Finished on |	May 29 22:26:42
       Mapping speed, Million of reads per hour |	406.32

                          Number of input reads |	59254725
                      Average input read length |	299
                                    UNIQUE READS:
                   Uniquely mapped reads number |	54668671
                        Uniquely mapped reads % |	92.26%
                          Average mapped length |	297.98
                       Number of splices: Total |	38511791
            Number of splices: Annotated (sjdb) |	38166481
                       Number of splices: GT/AG |	38105438
                       Number of splices: GC/AG |	278318
                       Number of splices: AT/AC |	34458
               Number of splices: Non-canonical |	93577
                      Mismatch rate per base, % |	0.23%
                         Deletion rate per base |	0.01%
                        Deletion average length |	1.87
                        Insertion rate per base |	0.01%
                       Insertion average length |	1.44
                             MULTI-MAPPING READS:
        Number of reads mapped to multiple loci |	3174504
             % of reads mapped to multiple loci |	5.36%
        Number of reads mapped to too many loci |	189018
             % of reads mapped to too many loci |	0.32%
                                  UNMAPPED READS:
  Number of reads unmapped: too many mismatches |	0
       % of reads unmapped: too many mismatches |	0.00%
            Number of reads unmapped: too short |	1193820
                 % of reads unmapped: too short |	2.01%
                Number of reads unmapped: other |	28712
                     % of reads unmapped: other |	0.05%
                                  CHIMERIC READS:
                       Number of chimeric reads |	0
                            % of chimeric reads |	0.00%
