                                 Started job on |	May 29 23:26:08
                             Started mapping on |	May 29 23:26:23
                                    Finished on |	May 29 23:34:29
       Mapping speed, Million of reads per hour |	431.72

                          Number of input reads |	58281582
                      Average input read length |	299
                                    UNIQUE READS:
                   Uniquely mapped reads number |	53376281
                        Uniquely mapped reads % |	91.58%
                          Average mapped length |	297.97
                       Number of splices: Total |	30390178
            Number of splices: Annotated (sjdb) |	30100382
                       Number of splices: GT/AG |	30068248
                       Number of splices: GC/AG |	219797
                       Number of splices: AT/AC |	26913
               Number of splices: Non-canonical |	75220
                      Mismatch rate per base, % |	0.24%
                         Deletion rate per base |	0.01%
                        Deletion average length |	1.82
                        Insertion rate per base |	0.02%
                       Insertion average length |	1.41
                             MULTI-MAPPING READS:
        Number of reads mapped to multiple loci |	3193806
             % of reads mapped to multiple loci |	5.48%
        Number of reads mapped to too many loci |	212335
             % of reads mapped to too many loci |	0.36%
                                  UNMAPPED READS:
  Number of reads unmapped: too many mismatches |	0
       % of reads unmapped: too many mismatches |	0.00%
            Number of reads unmapped: too short |	1458263
                 % of reads unmapped: too short |	2.50%
                Number of reads unmapped: other |	40897
                     % of reads unmapped: other |	0.07%
                                  CHIMERIC READS:
                       Number of chimeric reads |	0
                            % of chimeric reads |	0.00%
