                                 Started job on |	May 30 00:34:41
                             Started mapping on |	May 30 00:34:55
                                    Finished on |	May 30 00:43:19
       Mapping speed, Million of reads per hour |	403.17

                          Number of input reads |	56444440
                      Average input read length |	299
                                    UNIQUE READS:
                   Uniquely mapped reads number |	51419303
                        Uniquely mapped reads % |	91.10%
                          Average mapped length |	298.01
                       Number of splices: Total |	34123796
            Number of splices: Annotated (sjdb) |	33805306
                       Number of splices: GT/AG |	33755840
                       Number of splices: GC/AG |	250775
                       Number of splices: AT/AC |	30840
               Number of splices: Non-canonical |	86341
                      Mismatch rate per base, % |	0.24%
                         Deletion rate per base |	0.01%
                        Deletion average length |	1.86
                        Insertion rate per base |	0.02%
                       Insertion average length |	1.43
                             MULTI-MAPPING READS:
        Number of reads mapped to multiple loci |	3217067
             % of reads mapped to multiple loci |	5.70%
        Number of reads mapped to too many loci |	200109
             % of reads mapped to too many loci |	0.35%
                                  UNMAPPED READS:
  Number of reads unmapped: too many mismatches |	0
       % of reads unmapped: too many mismatches |	0.00%
            Number of reads unmapped: too short |	1581030
                 % of reads unmapped: too short |	2.80%
                Number of reads unmapped: other |	26931
                     % of reads unmapped: other |	0.05%
                                  CHIMERIC READS:
                       Number of chimeric reads |	0
                            % of chimeric reads |	0.00%
