                                 Started job on |	May 30 00:04:39
                             Started mapping on |	May 30 00:04:54
                                    Finished on |	May 30 00:14:13
       Mapping speed, Million of reads per hour |	369.34

                          Number of input reads |	57350896
                      Average input read length |	298
                                    UNIQUE READS:
                   Uniquely mapped reads number |	51552531
                        Uniquely mapped reads % |	89.89%
                          Average mapped length |	297.92
                       Number of splices: Total |	30366956
            Number of splices: Annotated (sjdb) |	30080352
                       Number of splices: GT/AG |	30054945
                       Number of splices: GC/AG |	214555
                       Number of splices: AT/AC |	25292
               Number of splices: Non-canonical |	72164
                      Mismatch rate per base, % |	0.22%
                         Deletion rate per base |	0.01%
                        Deletion average length |	1.85
                        Insertion rate per base |	0.02%
                       Insertion average length |	1.42
                             MULTI-MAPPING READS:
        Number of reads mapped to multiple loci |	2389401
             % of reads mapped to multiple loci |	4.17%
        Number of reads mapped to too many loci |	93111
             % of reads mapped to too many loci |	0.16%
                                  UNMAPPED READS:
  Number of reads unmapped: too many mismatches |	0
       % of reads unmapped: too many mismatches |	0.00%
            Number of reads unmapped: too short |	3277524
                 % of reads unmapped: too short |	5.71%
                Number of reads unmapped: other |	38329
                     % of reads unmapped: other |	0.07%
                                  CHIMERIC READS:
                       Number of chimeric reads |	0
                            % of chimeric reads |	0.00%
