                                 Started job on |	May 29 23:34:30
                             Started mapping on |	May 29 23:34:45
                                    Finished on |	May 29 23:42:54
       Mapping speed, Million of reads per hour |	435.56

                          Number of input reads |	59163678
                      Average input read length |	298
                                    UNIQUE READS:
                   Uniquely mapped reads number |	55074664
                        Uniquely mapped reads % |	93.09%
                          Average mapped length |	297.90
                       Number of splices: Total |	33406640
            Number of splices: Annotated (sjdb) |	33098432
                       Number of splices: GT/AG |	33070367
                       Number of splices: GC/AG |	231956
                       Number of splices: AT/AC |	28883
               Number of splices: Non-canonical |	75434
                      Mismatch rate per base, % |	0.21%
                         Deletion rate per base |	0.01%
                        Deletion average length |	1.81
                        Insertion rate per base |	0.01%
                       Insertion average length |	1.42
                             MULTI-MAPPING READS:
        Number of reads mapped to multiple loci |	2265709
             % of reads mapped to multiple loci |	3.83%
        Number of reads mapped to too many loci |	77646
             % of reads mapped to too many loci |	0.13%
                                  UNMAPPED READS:
  Number of reads unmapped: too many mismatches |	0
       % of reads unmapped: too many mismatches |	0.00%
            Number of reads unmapped: too short |	1708422
                 % of reads unmapped: too short |	2.89%
                Number of reads unmapped: other |	37237
                     % of reads unmapped: other |	0.06%
                                  CHIMERIC READS:
                       Number of chimeric reads |	0
                            % of chimeric reads |	0.00%
