                                 Started job on |	May 30 00:17:01
                             Started mapping on |	May 30 00:17:16
                                    Finished on |	May 30 00:25:11
       Mapping speed, Million of reads per hour |	443.21

                          Number of input reads |	58478732
                      Average input read length |	299
                                    UNIQUE READS:
                   Uniquely mapped reads number |	54483793
                        Uniquely mapped reads % |	93.17%
                          Average mapped length |	298.09
                       Number of splices: Total |	34396675
            Number of splices: Annotated (sjdb) |	34082498
                       Number of splices: GT/AG |	34050327
                       Number of splices: GC/AG |	238464
                       Number of splices: AT/AC |	30268
               Number of splices: Non-canonical |	77616
                      Mismatch rate per base, % |	0.22%
                         Deletion rate per base |	0.01%
                        Deletion average length |	1.81
                        Insertion rate per base |	0.01%
                       Insertion average length |	1.41
                             MULTI-MAPPING READS:
        Number of reads mapped to multiple loci |	2183424
             % of reads mapped to multiple loci |	3.73%
        Number of reads mapped to too many loci |	85170
             % of reads mapped to too many loci |	0.15%
                                  UNMAPPED READS:
  Number of reads unmapped: too many mismatches |	0
       % of reads unmapped: too many mismatches |	0.00%
            Number of reads unmapped: too short |	1688546
                 % of reads unmapped: too short |	2.89%
                Number of reads unmapped: other |	37799
                     % of reads unmapped: other |	0.06%
                                  CHIMERIC READS:
                       Number of chimeric reads |	0
                            % of chimeric reads |	0.00%
