                                 Started job on |	May 30 02:33:56
                             Started mapping on |	May 30 02:34:11
                                    Finished on |	May 30 02:41:35
       Mapping speed, Million of reads per hour |	430.80

                          Number of input reads |	53132070
                      Average input read length |	299
                                    UNIQUE READS:
                   Uniquely mapped reads number |	49132049
                        Uniquely mapped reads % |	92.47%
                          Average mapped length |	298.21
                       Number of splices: Total |	31993171
            Number of splices: Annotated (sjdb) |	31742093
                       Number of splices: GT/AG |	31662850
                       Number of splices: GC/AG |	234032
                       Number of splices: AT/AC |	27357
               Number of splices: Non-canonical |	68932
                      Mismatch rate per base, % |	0.22%
                         Deletion rate per base |	0.01%
                        Deletion average length |	1.82
                        Insertion rate per base |	0.01%
                       Insertion average length |	1.41
                             MULTI-MAPPING READS:
        Number of reads mapped to multiple loci |	1940083
             % of reads mapped to multiple loci |	3.65%
        Number of reads mapped to too many loci |	51951
             % of reads mapped to too many loci |	0.10%
                                  UNMAPPED READS:
  Number of reads unmapped: too many mismatches |	0
       % of reads unmapped: too many mismatches |	0.00%
            Number of reads unmapped: too short |	1987939
                 % of reads unmapped: too short |	3.74%
                Number of reads unmapped: other |	20048
                     % of reads unmapped: other |	0.04%
                                  CHIMERIC READS:
                       Number of chimeric reads |	0
                            % of chimeric reads |	0.00%
