                                 Started job on |	May 29 22:35:27
                             Started mapping on |	May 29 22:35:42
                                    Finished on |	May 29 22:44:15
       Mapping speed, Million of reads per hour |	415.39

                          Number of input reads |	59192387
                      Average input read length |	299
                                    UNIQUE READS:
                   Uniquely mapped reads number |	55009071
                        Uniquely mapped reads % |	92.93%
                          Average mapped length |	298.24
                       Number of splices: Total |	35401643
            Number of splices: Annotated (sjdb) |	35120257
                       Number of splices: GT/AG |	35031921
                       Number of splices: GC/AG |	262051
                       Number of splices: AT/AC |	30754
               Number of splices: Non-canonical |	76917
                      Mismatch rate per base, % |	0.22%
                         Deletion rate per base |	0.01%
                        Deletion average length |	1.84
                        Insertion rate per base |	0.02%
                       Insertion average length |	1.43
                             MULTI-MAPPING READS:
        Number of reads mapped to multiple loci |	2345920
             % of reads mapped to multiple loci |	3.96%
        Number of reads mapped to too many loci |	81547
             % of reads mapped to too many loci |	0.14%
                                  UNMAPPED READS:
  Number of reads unmapped: too many mismatches |	0
       % of reads unmapped: too many mismatches |	0.00%
            Number of reads unmapped: too short |	1732551
                 % of reads unmapped: too short |	2.93%
                Number of reads unmapped: other |	23298
                     % of reads unmapped: other |	0.04%
                                  CHIMERIC READS:
                       Number of chimeric reads |	0
                            % of chimeric reads |	0.00%
