                                 Started job on |	May 30 02:15:01
                             Started mapping on |	May 30 02:15:16
                                    Finished on |	May 30 02:22:21
       Mapping speed, Million of reads per hour |	451.61

                          Number of input reads |	53314555
                      Average input read length |	299
                                    UNIQUE READS:
                   Uniquely mapped reads number |	50046189
                        Uniquely mapped reads % |	93.87%
                          Average mapped length |	298.24
                       Number of splices: Total |	33221770
            Number of splices: Annotated (sjdb) |	32968270
                       Number of splices: GT/AG |	32883045
                       Number of splices: GC/AG |	242953
                       Number of splices: AT/AC |	28025
               Number of splices: Non-canonical |	67747
                      Mismatch rate per base, % |	0.21%
                         Deletion rate per base |	0.01%
                        Deletion average length |	1.83
                        Insertion rate per base |	0.01%
                       Insertion average length |	1.42
                             MULTI-MAPPING READS:
        Number of reads mapped to multiple loci |	1772047
             % of reads mapped to multiple loci |	3.32%
        Number of reads mapped to too many loci |	40198
             % of reads mapped to too many loci |	0.08%
                                  UNMAPPED READS:
  Number of reads unmapped: too many mismatches |	0
       % of reads unmapped: too many mismatches |	0.00%
            Number of reads unmapped: too short |	1435304
                 % of reads unmapped: too short |	2.69%
                Number of reads unmapped: other |	20817
                     % of reads unmapped: other |	0.04%
                                  CHIMERIC READS:
                       Number of chimeric reads |	0
                            % of chimeric reads |	0.00%
