                                 Started job on |	May 30 01:48:53
                             Started mapping on |	May 30 01:49:08
                                    Finished on |	May 30 01:56:44
       Mapping speed, Million of reads per hour |	442.25

                          Number of input reads |	56018231
                      Average input read length |	299
                                    UNIQUE READS:
                   Uniquely mapped reads number |	52044303
                        Uniquely mapped reads % |	92.91%
                          Average mapped length |	298.17
                       Number of splices: Total |	34499163
            Number of splices: Annotated (sjdb) |	34229042
                       Number of splices: GT/AG |	34145016
                       Number of splices: GC/AG |	252628
                       Number of splices: AT/AC |	29633
               Number of splices: Non-canonical |	71886
                      Mismatch rate per base, % |	0.22%
                         Deletion rate per base |	0.01%
                        Deletion average length |	1.82
                        Insertion rate per base |	0.01%
                       Insertion average length |	1.42
                             MULTI-MAPPING READS:
        Number of reads mapped to multiple loci |	2033945
             % of reads mapped to multiple loci |	3.63%
        Number of reads mapped to too many loci |	71140
             % of reads mapped to too many loci |	0.13%
                                  UNMAPPED READS:
  Number of reads unmapped: too many mismatches |	0
       % of reads unmapped: too many mismatches |	0.00%
            Number of reads unmapped: too short |	1845753
                 % of reads unmapped: too short |	3.29%
                Number of reads unmapped: other |	23090
                     % of reads unmapped: other |	0.04%
                                  CHIMERIC READS:
                       Number of chimeric reads |	0
                            % of chimeric reads |	0.00%
