[2026-05-29 21:36:55.816] [jointLog] [info] setting maxHashResizeThreads to 8
[2026-05-29 21:36:55.816] [jointLog] [info] Fragment incompatibility prior below threshold.  Incompatible fragments will be ignored.
[2026-05-29 21:36:55.816] [jointLog] [info] Usage of --validateMappings implies use of minScoreFraction. Since not explicitly specified, it is being set to 0.65
[2026-05-29 21:36:55.816] [jointLog] [info] Setting consensusSlack to selective-alignment default of 0.35.
[2026-05-29 21:36:55.816] [jointLog] [info] parsing read library format
[2026-05-29 21:36:55.816] [jointLog] [info] There is 1 library.
[2026-05-29 21:36:55.816] [jointLog] [info] Loading pufferfish index
[2026-05-29 21:36:55.816] [jointLog] [info] Loading dense pufferfish index.
[2026-05-29 21:37:16.561] [jointLog] [info] done
[2026-05-29 21:37:16.626] [jointLog] [info] Index contained 315,988 targets
[2026-05-29 21:37:16.698] [jointLog] [info] Number of decoys : 194
[2026-05-29 21:37:16.698] [jointLog] [info] First decoy index : 315,747 
[2026-05-29 21:37:17.471] [jointLog] [info] Automatically detected most likely library type as ISR

[2026-05-29 21:49:44.539] [jointLog] [info] Thread saw mini-batch with a maximum of 3.16% zero probability fragments
[2026-05-29 21:49:44.601] [jointLog] [info] Thread saw mini-batch with a maximum of 3.06% zero probability fragments
[2026-05-29 21:49:44.773] [jointLog] [info] Thread saw mini-batch with a maximum of 3.24% zero probability fragments
[2026-05-29 21:49:44.880] [jointLog] [info] Thread saw mini-batch with a maximum of 3.14% zero probability fragments
[2026-05-29 21:49:44.887] [jointLog] [info] Thread saw mini-batch with a maximum of 3.10% zero probability fragments
[2026-05-29 21:49:44.961] [jointLog] [info] Thread saw mini-batch with a maximum of 3.24% zero probability fragments
[2026-05-29 21:49:45.029] [jointLog] [info] Thread saw mini-batch with a maximum of 3.20% zero probability fragments
[2026-05-29 21:49:45.182] [jointLog] [info] Thread saw mini-batch with a maximum of 3.20% zero probability fragments
[2026-05-29 21:49:45.657] [fileLog] [info] 
At end of round 0
==================
Observed 53099846 total fragments (53099846 in most recent round)

[2026-05-29 21:49:45.656] [jointLog] [info] Computed 704,261 rich equivalence classes for further processing
[2026-05-29 21:49:45.656] [jointLog] [info] Counted 27,956,317 total reads in the equivalence classes 
[2026-05-29 21:49:45.662] [jointLog] [info] Number of mappings discarded because of alignment score : 29,337,551
[2026-05-29 21:49:45.662] [jointLog] [info] Number of fragments entirely discarded because of alignment score : 7,526,783
[2026-05-29 21:49:45.662] [jointLog] [info] Number of fragments discarded because they are best-mapped to decoys : 6,985,946
[2026-05-29 21:49:45.662] [jointLog] [info] Number of fragments discarded because they have only dovetail (discordant) mappings to valid targets : 117,695
[2026-05-29 21:49:45.662] [jointLog] [info] Mapping rate = 52.6486%

[2026-05-29 21:49:45.662] [jointLog] [info] finished quantifyLibrary()
[2026-05-29 21:49:45.663] [jointLog] [info] Starting optimizer
[2026-05-29 21:49:45.821] [jointLog] [info] Marked 0 weighted equivalence classes as degenerate
[2026-05-29 21:49:45.857] [jointLog] [info] iteration = 0 | max rel diff. = 3793.05
[2026-05-29 21:49:49.390] [jointLog] [info] iteration = 100 | max rel diff. = 19.2544
[2026-05-29 21:49:52.869] [jointLog] [info] iteration = 200 | max rel diff. = 19.2842
[2026-05-29 21:49:56.424] [jointLog] [info] iteration = 300 | max rel diff. = 19.9403
[2026-05-29 21:49:59.985] [jointLog] [info] iteration = 400 | max rel diff. = 3.30271
[2026-05-29 21:50:03.544] [jointLog] [info] iteration = 500 | max rel diff. = 6.70463
[2026-05-29 21:50:07.089] [jointLog] [info] iteration = 600 | max rel diff. = 1.3636
[2026-05-29 21:50:10.551] [jointLog] [info] iteration = 700 | max rel diff. = 0.829899
[2026-05-29 21:50:13.967] [jointLog] [info] iteration = 800 | max rel diff. = 8.25471
[2026-05-29 21:50:17.316] [jointLog] [info] iteration = 900 | max rel diff. = 1.25411
[2026-05-29 21:50:20.660] [jointLog] [info] iteration = 1,000 | max rel diff. = 0.36231
[2026-05-29 21:50:24.014] [jointLog] [info] iteration = 1,100 | max rel diff. = 0.3399
[2026-05-29 21:50:27.367] [jointLog] [info] iteration = 1,200 | max rel diff. = 0.817006
[2026-05-29 21:50:30.720] [jointLog] [info] iteration = 1,300 | max rel diff. = 0.0815765
[2026-05-29 21:50:34.062] [jointLog] [info] iteration = 1,400 | max rel diff. = 0.188181
[2026-05-29 21:50:37.441] [jointLog] [info] iteration = 1,500 | max rel diff. = 0.294751
[2026-05-29 21:50:40.781] [jointLog] [info] iteration = 1,600 | max rel diff. = 0.0611546
[2026-05-29 21:50:44.127] [jointLog] [info] iteration = 1,700 | max rel diff. = 0.0307651
[2026-05-29 21:50:47.483] [jointLog] [info] iteration = 1,800 | max rel diff. = 1.8829
[2026-05-29 21:50:50.841] [jointLog] [info] iteration = 1,900 | max rel diff. = 0.367102
[2026-05-29 21:50:54.203] [jointLog] [info] iteration = 2,000 | max rel diff. = 0.0132592
[2026-05-29 21:50:57.559] [jointLog] [info] iteration = 2,100 | max rel diff. = 0.0193005
[2026-05-29 21:51:00.935] [jointLog] [info] iteration = 2,200 | max rel diff. = 0.0286205
[2026-05-29 21:51:03.304] [jointLog] [info] iteration = 2,272 | max rel diff. = 0.00672604
[2026-05-29 21:51:03.311] [jointLog] [info] Finished optimizer
[2026-05-29 21:51:03.311] [jointLog] [info] writing output 

