[2026-05-29 21:21:49.734] [jointLog] [info] setting maxHashResizeThreads to 8
[2026-05-29 21:21:49.734] [jointLog] [info] Fragment incompatibility prior below threshold.  Incompatible fragments will be ignored.
[2026-05-29 21:21:49.734] [jointLog] [info] Usage of --validateMappings implies use of minScoreFraction. Since not explicitly specified, it is being set to 0.65
[2026-05-29 21:21:49.734] [jointLog] [info] Setting consensusSlack to selective-alignment default of 0.35.
[2026-05-29 21:21:49.734] [jointLog] [info] parsing read library format
[2026-05-29 21:21:49.734] [jointLog] [info] There is 1 library.
[2026-05-29 21:21:49.734] [jointLog] [info] Loading pufferfish index
[2026-05-29 21:21:49.734] [jointLog] [info] Loading dense pufferfish index.
[2026-05-29 21:22:15.076] [jointLog] [info] done
[2026-05-29 21:22:15.140] [jointLog] [info] Index contained 315,988 targets
[2026-05-29 21:22:15.196] [jointLog] [info] Number of decoys : 194
[2026-05-29 21:22:15.196] [jointLog] [info] First decoy index : 315,747 
[2026-05-29 21:22:15.938] [jointLog] [info] Automatically detected most likely library type as ISR

[2026-05-29 21:35:33.589] [jointLog] [info] Thread saw mini-batch with a maximum of 3.24% zero probability fragments
[2026-05-29 21:35:33.627] [jointLog] [info] Thread saw mini-batch with a maximum of 3.10% zero probability fragments
[2026-05-29 21:35:33.665] [jointLog] [info] Thread saw mini-batch with a maximum of 3.06% zero probability fragments
[2026-05-29 21:35:33.791] [jointLog] [info] Thread saw mini-batch with a maximum of 3.24% zero probability fragments
[2026-05-29 21:35:33.902] [jointLog] [info] Thread saw mini-batch with a maximum of 3.04% zero probability fragments
[2026-05-29 21:35:33.979] [jointLog] [info] Thread saw mini-batch with a maximum of 3.00% zero probability fragments
[2026-05-29 21:35:34.010] [jointLog] [info] Thread saw mini-batch with a maximum of 3.12% zero probability fragments
[2026-05-29 21:35:34.159] [jointLog] [info] Thread saw mini-batch with a maximum of 2.94% zero probability fragments
[2026-05-29 21:35:34.683] [fileLog] [info] 
At end of round 0
==================
Observed 56465205 total fragments (56465205 in most recent round)

[2026-05-29 21:35:34.683] [jointLog] [info] Computed 687,982 rich equivalence classes for further processing
[2026-05-29 21:35:34.683] [jointLog] [info] Counted 26,039,818 total reads in the equivalence classes 
[2026-05-29 21:35:34.689] [jointLog] [info] Number of mappings discarded because of alignment score : 27,358,658
[2026-05-29 21:35:34.689] [jointLog] [info] Number of fragments entirely discarded because of alignment score : 8,941,107
[2026-05-29 21:35:34.689] [jointLog] [info] Number of fragments discarded because they are best-mapped to decoys : 8,416,618
[2026-05-29 21:35:34.689] [jointLog] [info] Number of fragments discarded because they have only dovetail (discordant) mappings to valid targets : 110,222
[2026-05-29 21:35:34.689] [jointLog] [info] Mapping rate = 46.1166%

[2026-05-29 21:35:34.689] [jointLog] [info] finished quantifyLibrary()
[2026-05-29 21:35:34.689] [jointLog] [info] Starting optimizer
[2026-05-29 21:35:37.988] [jointLog] [info] Marked 0 weighted equivalence classes as degenerate
[2026-05-29 21:35:38.036] [jointLog] [info] iteration = 0 | max rel diff. = 3941.64
[2026-05-29 21:35:41.578] [jointLog] [info] iteration = 100 | max rel diff. = 20.1667
[2026-05-29 21:35:45.083] [jointLog] [info] iteration = 200 | max rel diff. = 11.9576
[2026-05-29 21:35:48.588] [jointLog] [info] iteration = 300 | max rel diff. = 4.49364
[2026-05-29 21:35:52.063] [jointLog] [info] iteration = 400 | max rel diff. = 12.0082
[2026-05-29 21:35:55.490] [jointLog] [info] iteration = 500 | max rel diff. = 1.01515
[2026-05-29 21:35:58.955] [jointLog] [info] iteration = 600 | max rel diff. = 1.5387
[2026-05-29 21:36:02.403] [jointLog] [info] iteration = 700 | max rel diff. = 5.74273
[2026-05-29 21:36:05.857] [jointLog] [info] iteration = 800 | max rel diff. = 0.168509
[2026-05-29 21:36:09.323] [jointLog] [info] iteration = 900 | max rel diff. = 9.48633
[2026-05-29 21:36:12.731] [jointLog] [info] iteration = 1,000 | max rel diff. = 0.0896456
[2026-05-29 21:36:16.006] [jointLog] [info] iteration = 1,100 | max rel diff. = 2.2373
[2026-05-29 21:36:19.280] [jointLog] [info] iteration = 1,200 | max rel diff. = 0.219734
[2026-05-29 21:36:22.542] [jointLog] [info] iteration = 1,300 | max rel diff. = 0.0928575
[2026-05-29 21:36:25.831] [jointLog] [info] iteration = 1,400 | max rel diff. = 0.105018
[2026-05-29 21:36:29.148] [jointLog] [info] iteration = 1,500 | max rel diff. = 0.273875
[2026-05-29 21:36:32.456] [jointLog] [info] iteration = 1,600 | max rel diff. = 0.596295
[2026-05-29 21:36:35.791] [jointLog] [info] iteration = 1,700 | max rel diff. = 0.0374318
[2026-05-29 21:36:39.406] [jointLog] [info] iteration = 1,800 | max rel diff. = 0.392619
[2026-05-29 21:36:43.052] [jointLog] [info] iteration = 1,900 | max rel diff. = 0.161361
[2026-05-29 21:36:46.698] [jointLog] [info] iteration = 2,000 | max rel diff. = 0.0752609
[2026-05-29 21:36:49.948] [jointLog] [info] iteration = 2,100 | max rel diff. = 0.0566956
[2026-05-29 21:36:51.918] [jointLog] [info] iteration = 2,163 | max rel diff. = 0.00956973
[2026-05-29 21:36:51.926] [jointLog] [info] Finished optimizer
[2026-05-29 21:36:51.926] [jointLog] [info] writing output 

