[2026-05-29 20:55:44.116] [jointLog] [info] setting maxHashResizeThreads to 8
[2026-05-29 20:55:44.116] [jointLog] [info] Fragment incompatibility prior below threshold.  Incompatible fragments will be ignored.
[2026-05-29 20:55:44.116] [jointLog] [info] Usage of --validateMappings implies use of minScoreFraction. Since not explicitly specified, it is being set to 0.65
[2026-05-29 20:55:44.116] [jointLog] [info] Setting consensusSlack to selective-alignment default of 0.35.
[2026-05-29 20:55:44.116] [jointLog] [info] parsing read library format
[2026-05-29 20:55:44.116] [jointLog] [info] There is 1 library.
[2026-05-29 20:55:44.116] [jointLog] [info] Loading pufferfish index
[2026-05-29 20:55:44.116] [jointLog] [info] Loading dense pufferfish index.
[2026-05-29 20:56:09.863] [jointLog] [info] done
[2026-05-29 20:56:09.918] [jointLog] [info] Index contained 315,988 targets
[2026-05-29 20:56:09.969] [jointLog] [info] Number of decoys : 194
[2026-05-29 20:56:09.969] [jointLog] [info] First decoy index : 315,747 
[2026-05-29 20:56:10.746] [jointLog] [info] Automatically detected most likely library type as ISR

[2026-05-29 21:09:51.520] [jointLog] [info] Thread saw mini-batch with a maximum of 2.66% zero probability fragments
[2026-05-29 21:09:51.689] [jointLog] [info] Thread saw mini-batch with a maximum of 2.62% zero probability fragments
[2026-05-29 21:09:51.720] [jointLog] [info] Thread saw mini-batch with a maximum of 2.56% zero probability fragments
[2026-05-29 21:09:51.721] [jointLog] [info] Thread saw mini-batch with a maximum of 2.56% zero probability fragments
[2026-05-29 21:09:51.731] [jointLog] [info] Thread saw mini-batch with a maximum of 2.66% zero probability fragments
[2026-05-29 21:09:51.815] [jointLog] [info] Thread saw mini-batch with a maximum of 2.70% zero probability fragments
[2026-05-29 21:09:51.865] [jointLog] [info] Thread saw mini-batch with a maximum of 2.52% zero probability fragments
[2026-05-29 21:09:51.961] [jointLog] [info] Thread saw mini-batch with a maximum of 2.64% zero probability fragments
[2026-05-29 21:09:52.615] [jointLog] [info] Computed 701,141 rich equivalence classes for further processing
[2026-05-29 21:09:52.615] [jointLog] [info] Counted 26,915,898 total reads in the equivalence classes 
[2026-05-29 21:09:52.622] [jointLog] [info] Number of mappings discarded because of alignment score : 25,204,829
[2026-05-29 21:09:52.622] [jointLog] [info] Number of fragments entirely discarded because of alignment score : 8,610,072
[2026-05-29 21:09:52.622] [jointLog] [info] Number of fragments discarded because they are best-mapped to decoys : 8,099,651
[2026-05-29 21:09:52.622] [jointLog] [info] Number of fragments discarded because they have only dovetail (discordant) mappings to valid targets : 100,229
[2026-05-29 21:09:52.622] [jointLog] [info] Mapping rate = 47.0396%

[2026-05-29 21:09:52.622] [jointLog] [info] finished quantifyLibrary()
[2026-05-29 21:09:52.622] [jointLog] [info] Starting optimizer
[2026-05-29 21:09:52.615] [fileLog] [info] 
At end of round 0
==================
Observed 57219660 total fragments (57219660 in most recent round)

[2026-05-29 21:09:57.923] [jointLog] [info] Marked 0 weighted equivalence classes as degenerate
[2026-05-29 21:09:57.975] [jointLog] [info] iteration = 0 | max rel diff. = 3926.19
[2026-05-29 21:10:01.503] [jointLog] [info] iteration = 100 | max rel diff. = 20.3704
[2026-05-29 21:10:04.976] [jointLog] [info] iteration = 200 | max rel diff. = 9.77413
[2026-05-29 21:10:08.437] [jointLog] [info] iteration = 300 | max rel diff. = 17.3848
[2026-05-29 21:10:11.896] [jointLog] [info] iteration = 400 | max rel diff. = 5.87554
[2026-05-29 21:10:15.362] [jointLog] [info] iteration = 500 | max rel diff. = 9.7353
[2026-05-29 21:10:18.825] [jointLog] [info] iteration = 600 | max rel diff. = 2.11841
[2026-05-29 21:10:22.290] [jointLog] [info] iteration = 700 | max rel diff. = 1.02045
[2026-05-29 21:10:25.752] [jointLog] [info] iteration = 800 | max rel diff. = 0.445333
[2026-05-29 21:10:29.021] [jointLog] [info] iteration = 900 | max rel diff. = 0.303863
[2026-05-29 21:10:32.398] [jointLog] [info] iteration = 1,000 | max rel diff. = 0.28092
[2026-05-29 21:10:35.774] [jointLog] [info] iteration = 1,100 | max rel diff. = 0.674825
[2026-05-29 21:10:39.153] [jointLog] [info] iteration = 1,200 | max rel diff. = 0.920521
[2026-05-29 21:10:42.535] [jointLog] [info] iteration = 1,300 | max rel diff. = 0.24707
[2026-05-29 21:10:45.912] [jointLog] [info] iteration = 1,400 | max rel diff. = 0.0740701
[2026-05-29 21:10:49.285] [jointLog] [info] iteration = 1,500 | max rel diff. = 0.11173
[2026-05-29 21:10:52.707] [jointLog] [info] iteration = 1,600 | max rel diff. = 0.0716976
[2026-05-29 21:10:56.101] [jointLog] [info] iteration = 1,700 | max rel diff. = 0.123565
[2026-05-29 21:10:59.574] [jointLog] [info] iteration = 1,800 | max rel diff. = 0.505333
[2026-05-29 21:11:03.065] [jointLog] [info] iteration = 1,900 | max rel diff. = 0.0896132
[2026-05-29 21:11:06.534] [jointLog] [info] iteration = 2,000 | max rel diff. = 1.30651
[2026-05-29 21:11:08.853] [jointLog] [info] iteration = 2,068 | max rel diff. = 0.00984284
[2026-05-29 21:11:08.860] [jointLog] [info] Finished optimizer
[2026-05-29 21:11:08.860] [jointLog] [info] writing output 

