[2026-05-29 20:08:16.098] [jointLog] [info] setting maxHashResizeThreads to 8
[2026-05-29 20:08:16.098] [jointLog] [info] Fragment incompatibility prior below threshold.  Incompatible fragments will be ignored.
[2026-05-29 20:08:16.098] [jointLog] [info] Usage of --validateMappings implies use of minScoreFraction. Since not explicitly specified, it is being set to 0.65
[2026-05-29 20:08:16.098] [jointLog] [info] Setting consensusSlack to selective-alignment default of 0.35.
[2026-05-29 20:08:16.098] [jointLog] [info] parsing read library format
[2026-05-29 20:08:16.116] [jointLog] [info] There is 1 library.
[2026-05-29 20:08:16.116] [jointLog] [info] Loading pufferfish index
[2026-05-29 20:08:16.116] [jointLog] [info] Loading dense pufferfish index.
[2026-05-29 20:08:38.597] [jointLog] [info] done
[2026-05-29 20:08:38.716] [jointLog] [info] Index contained 315,988 targets
[2026-05-29 20:08:38.789] [jointLog] [info] Number of decoys : 194
[2026-05-29 20:08:38.789] [jointLog] [info] First decoy index : 315,747 
[2026-05-29 20:08:39.473] [jointLog] [info] Automatically detected most likely library type as ISR

[2026-05-29 20:21:20.331] [jointLog] [info] Thread saw mini-batch with a maximum of 4.66% zero probability fragments
[2026-05-29 20:21:20.417] [jointLog] [info] Thread saw mini-batch with a maximum of 5.14% zero probability fragments
[2026-05-29 20:21:20.470] [jointLog] [info] Thread saw mini-batch with a maximum of 5.02% zero probability fragments
[2026-05-29 20:21:20.480] [jointLog] [info] Thread saw mini-batch with a maximum of 4.72% zero probability fragments
[2026-05-29 20:21:20.554] [jointLog] [info] Thread saw mini-batch with a maximum of 4.66% zero probability fragments
[2026-05-29 20:21:20.631] [jointLog] [info] Thread saw mini-batch with a maximum of 4.84% zero probability fragments
[2026-05-29 20:21:20.648] [jointLog] [info] Thread saw mini-batch with a maximum of 4.74% zero probability fragments
[2026-05-29 20:21:20.711] [jointLog] [info] Thread saw mini-batch with a maximum of 4.80% zero probability fragments
[2026-05-29 20:21:21.462] [fileLog] [info] 
At end of round 0
==================
Observed 59129615 total fragments (59129615 in most recent round)

[2026-05-29 20:21:21.461] [jointLog] [info] Computed 922,252 rich equivalence classes for further processing
[2026-05-29 20:21:21.461] [jointLog] [info] Counted 35,409,341 total reads in the equivalence classes 
[2026-05-29 20:21:21.470] [jointLog] [info] Number of mappings discarded because of alignment score : 35,914,523
[2026-05-29 20:21:21.470] [jointLog] [info] Number of fragments entirely discarded because of alignment score : 8,010,938
[2026-05-29 20:21:21.470] [jointLog] [info] Number of fragments discarded because they are best-mapped to decoys : 7,239,202
[2026-05-29 20:21:21.470] [jointLog] [info] Number of fragments discarded because they have only dovetail (discordant) mappings to valid targets : 193,133
[2026-05-29 20:21:21.470] [jointLog] [info] Mapping rate = 59.8843%

[2026-05-29 20:21:21.470] [jointLog] [info] finished quantifyLibrary()
[2026-05-29 20:21:21.471] [jointLog] [info] Starting optimizer
[2026-05-29 20:21:21.766] [jointLog] [info] Marked 0 weighted equivalence classes as degenerate
[2026-05-29 20:21:21.809] [jointLog] [info] iteration = 0 | max rel diff. = 3253.66
[2026-05-29 20:21:26.249] [jointLog] [info] iteration = 100 | max rel diff. = 18.1104
[2026-05-29 20:21:30.716] [jointLog] [info] iteration = 200 | max rel diff. = 13.7531
[2026-05-29 20:21:35.086] [jointLog] [info] iteration = 300 | max rel diff. = 20.8459
[2026-05-29 20:21:39.366] [jointLog] [info] iteration = 400 | max rel diff. = 9.12753
[2026-05-29 20:21:43.808] [jointLog] [info] iteration = 500 | max rel diff. = 2.71478
[2026-05-29 20:21:48.218] [jointLog] [info] iteration = 600 | max rel diff. = 2.8634
[2026-05-29 20:21:52.558] [jointLog] [info] iteration = 700 | max rel diff. = 1.07019
[2026-05-29 20:21:56.982] [jointLog] [info] iteration = 800 | max rel diff. = 0.629744
[2026-05-29 20:22:01.349] [jointLog] [info] iteration = 900 | max rel diff. = 0.303781
[2026-05-29 20:22:05.808] [jointLog] [info] iteration = 1,000 | max rel diff. = 1.42616
[2026-05-29 20:22:10.198] [jointLog] [info] iteration = 1,100 | max rel diff. = 13.7744
[2026-05-29 20:22:14.344] [jointLog] [info] iteration = 1,200 | max rel diff. = 1.45601
[2026-05-29 20:22:18.599] [jointLog] [info] iteration = 1,300 | max rel diff. = 0.0624792
[2026-05-29 20:22:22.369] [jointLog] [info] iteration = 1,400 | max rel diff. = 0.048903
[2026-05-29 20:22:25.551] [jointLog] [info] iteration = 1,500 | max rel diff. = 0.0957734
[2026-05-29 20:22:28.949] [jointLog] [info] iteration = 1,600 | max rel diff. = 2.01623
[2026-05-29 20:22:32.632] [jointLog] [info] iteration = 1,700 | max rel diff. = 0.0145992
[2026-05-29 20:22:36.288] [jointLog] [info] iteration = 1,800 | max rel diff. = 1.3574
[2026-05-29 20:22:39.881] [jointLog] [info] iteration = 1,900 | max rel diff. = 9.10744
[2026-05-29 20:22:43.636] [jointLog] [info] iteration = 2,000 | max rel diff. = 0.0188352
[2026-05-29 20:22:47.223] [jointLog] [info] iteration = 2,100 | max rel diff. = 0.108772
[2026-05-29 20:22:51.224] [jointLog] [info] iteration = 2,200 | max rel diff. = 1.12708
[2026-05-29 20:22:55.346] [jointLog] [info] iteration = 2,300 | max rel diff. = 0.0599651
[2026-05-29 20:22:59.007] [jointLog] [info] iteration = 2,390 | max rel diff. = 0.00875173
[2026-05-29 20:22:59.016] [jointLog] [info] Finished optimizer
[2026-05-29 20:22:59.016] [jointLog] [info] writing output 

