                                 Started job on |	May 30 02:51:20
                             Started mapping on |	May 30 02:51:21
                                    Finished on |	May 30 03:01:47
       Mapping speed, Million of reads per hour |	300.41

                          Number of input reads |	52237409
                      Average input read length |	299
                                    UNIQUE READS:
                   Uniquely mapped reads number |	1361185
                        Uniquely mapped reads % |	2.61%
                          Average mapped length |	291.72
                       Number of splices: Total |	33291
            Number of splices: Annotated (sjdb) |	0
                       Number of splices: GT/AG |	3258
                       Number of splices: GC/AG |	859
                       Number of splices: AT/AC |	1
               Number of splices: Non-canonical |	29173
                      Mismatch rate per base, % |	0.87%
                         Deletion rate per base |	0.42%
                        Deletion average length |	2.54
                        Insertion rate per base |	0.46%
                       Insertion average length |	2.23
                             MULTI-MAPPING READS:
        Number of reads mapped to multiple loci |	117901
             % of reads mapped to multiple loci |	0.23%
        Number of reads mapped to too many loci |	152
             % of reads mapped to too many loci |	0.00%
                                  UNMAPPED READS:
  Number of reads unmapped: too many mismatches |	0
       % of reads unmapped: too many mismatches |	0.00%
            Number of reads unmapped: too short |	30807
                 % of reads unmapped: too short |	0.06%
                Number of reads unmapped: other |	50727364
                     % of reads unmapped: other |	97.11%
                                  CHIMERIC READS:
                       Number of chimeric reads |	0
                            % of chimeric reads |	0.00%
