                                 Started job on |	May 30 02:04:20
                             Started mapping on |	May 30 02:04:21
                                    Finished on |	May 30 02:15:00
       Mapping speed, Million of reads per hour |	299.15

                          Number of input reads |	53099846
                      Average input read length |	299
                                    UNIQUE READS:
                   Uniquely mapped reads number |	1702058
                        Uniquely mapped reads % |	3.21%
                          Average mapped length |	291.82
                       Number of splices: Total |	37462
            Number of splices: Annotated (sjdb) |	0
                       Number of splices: GT/AG |	4138
                       Number of splices: GC/AG |	918
                       Number of splices: AT/AC |	3
               Number of splices: Non-canonical |	32403
                      Mismatch rate per base, % |	0.85%
                         Deletion rate per base |	0.43%
                        Deletion average length |	2.68
                        Insertion rate per base |	0.50%
                       Insertion average length |	2.51
                             MULTI-MAPPING READS:
        Number of reads mapped to multiple loci |	172954
             % of reads mapped to multiple loci |	0.33%
        Number of reads mapped to too many loci |	210
             % of reads mapped to too many loci |	0.00%
                                  UNMAPPED READS:
  Number of reads unmapped: too many mismatches |	0
       % of reads unmapped: too many mismatches |	0.00%
            Number of reads unmapped: too short |	36931
                 % of reads unmapped: too short |	0.07%
                Number of reads unmapped: other |	51187693
                     % of reads unmapped: other |	96.40%
                                  CHIMERIC READS:
                       Number of chimeric reads |	0
                            % of chimeric reads |	0.00%
