                                 Started job on |	May 29 23:54:36
                             Started mapping on |	May 29 23:54:36
                                    Finished on |	May 30 00:06:23
       Mapping speed, Million of reads per hour |	291.36

                          Number of input reads |	57219660
                      Average input read length |	299
                                    UNIQUE READS:
                   Uniquely mapped reads number |	1930362
                        Uniquely mapped reads % |	3.37%
                          Average mapped length |	292.78
                       Number of splices: Total |	36585
            Number of splices: Annotated (sjdb) |	0
                       Number of splices: GT/AG |	3703
                       Number of splices: GC/AG |	900
                       Number of splices: AT/AC |	1
               Number of splices: Non-canonical |	31981
                      Mismatch rate per base, % |	0.81%
                         Deletion rate per base |	0.45%
                        Deletion average length |	2.81
                        Insertion rate per base |	0.53%
                       Insertion average length |	2.57
                             MULTI-MAPPING READS:
        Number of reads mapped to multiple loci |	187736
             % of reads mapped to multiple loci |	0.33%
        Number of reads mapped to too many loci |	168
             % of reads mapped to too many loci |	0.00%
                                  UNMAPPED READS:
  Number of reads unmapped: too many mismatches |	0
       % of reads unmapped: too many mismatches |	0.00%
            Number of reads unmapped: too short |	37556
                 % of reads unmapped: too short |	0.07%
                Number of reads unmapped: other |	55063838
                     % of reads unmapped: other |	96.23%
                                  CHIMERIC READS:
                       Number of chimeric reads |	0
                            % of chimeric reads |	0.00%
