                                 Started job on |	May 30 03:26:59
                             Started mapping on |	May 30 03:27:00
                                    Finished on |	May 30 03:36:21
       Mapping speed, Million of reads per hour |	329.71

                          Number of input reads |	51379191
                      Average input read length |	299
                                    UNIQUE READS:
                   Uniquely mapped reads number |	1119902
                        Uniquely mapped reads % |	2.18%
                          Average mapped length |	292.65
                       Number of splices: Total |	25779
            Number of splices: Annotated (sjdb) |	0
                       Number of splices: GT/AG |	2469
                       Number of splices: GC/AG |	615
                       Number of splices: AT/AC |	1
               Number of splices: Non-canonical |	22694
                      Mismatch rate per base, % |	0.90%
                         Deletion rate per base |	0.46%
                        Deletion average length |	2.58
                        Insertion rate per base |	0.49%
                       Insertion average length |	2.27
                             MULTI-MAPPING READS:
        Number of reads mapped to multiple loci |	102194
             % of reads mapped to multiple loci |	0.20%
        Number of reads mapped to too many loci |	101
             % of reads mapped to too many loci |	0.00%
                                  UNMAPPED READS:
  Number of reads unmapped: too many mismatches |	0
       % of reads unmapped: too many mismatches |	0.00%
            Number of reads unmapped: too short |	22456
                 % of reads unmapped: too short |	0.04%
                Number of reads unmapped: other |	50134538
                     % of reads unmapped: other |	97.58%
                                  CHIMERIC READS:
                       Number of chimeric reads |	0
                            % of chimeric reads |	0.00%
