                                 Started job on |	May 30 03:36:22
                             Started mapping on |	May 30 03:36:23
                                    Finished on |	May 30 03:45:17
       Mapping speed, Million of reads per hour |	348.04

                          Number of input reads |	51625497
                      Average input read length |	299
                                    UNIQUE READS:
                   Uniquely mapped reads number |	1088415
                        Uniquely mapped reads % |	2.11%
                          Average mapped length |	292.15
                       Number of splices: Total |	22248
            Number of splices: Annotated (sjdb) |	0
                       Number of splices: GT/AG |	2478
                       Number of splices: GC/AG |	726
                       Number of splices: AT/AC |	1
               Number of splices: Non-canonical |	19043
                      Mismatch rate per base, % |	0.91%
                         Deletion rate per base |	0.42%
                        Deletion average length |	2.52
                        Insertion rate per base |	0.54%
                       Insertion average length |	2.20
                             MULTI-MAPPING READS:
        Number of reads mapped to multiple loci |	96518
             % of reads mapped to multiple loci |	0.19%
        Number of reads mapped to too many loci |	133
             % of reads mapped to too many loci |	0.00%
                                  UNMAPPED READS:
  Number of reads unmapped: too many mismatches |	0
       % of reads unmapped: too many mismatches |	0.00%
            Number of reads unmapped: too short |	25080
                 % of reads unmapped: too short |	0.05%
                Number of reads unmapped: other |	50415351
                     % of reads unmapped: other |	97.66%
                                  CHIMERIC READS:
                       Number of chimeric reads |	0
                            % of chimeric reads |	0.00%
