                                 Started job on |	May 29 20:00:56
                             Started mapping on |	May 29 20:00:57
                                    Finished on |	May 29 20:13:29
       Mapping speed, Million of reads per hour |	286.28

                          Number of input reads |	59799788
                      Average input read length |	299
                                    UNIQUE READS:
                   Uniquely mapped reads number |	1499151
                        Uniquely mapped reads % |	2.51%
                          Average mapped length |	290.87
                       Number of splices: Total |	32500
            Number of splices: Annotated (sjdb) |	0
                       Number of splices: GT/AG |	3642
                       Number of splices: GC/AG |	1103
                       Number of splices: AT/AC |	2
               Number of splices: Non-canonical |	27753
                      Mismatch rate per base, % |	0.84%
                         Deletion rate per base |	0.46%
                        Deletion average length |	2.85
                        Insertion rate per base |	0.58%
                       Insertion average length |	2.54
                             MULTI-MAPPING READS:
        Number of reads mapped to multiple loci |	162900
             % of reads mapped to multiple loci |	0.27%
        Number of reads mapped to too many loci |	213
             % of reads mapped to too many loci |	0.00%
                                  UNMAPPED READS:
  Number of reads unmapped: too many mismatches |	0
       % of reads unmapped: too many mismatches |	0.00%
            Number of reads unmapped: too short |	36607
                 % of reads unmapped: too short |	0.06%
                Number of reads unmapped: other |	58100917
                     % of reads unmapped: other |	97.16%
                                  CHIMERIC READS:
                       Number of chimeric reads |	0
                            % of chimeric reads |	0.00%
