                                 Started job on |	May 30 01:51:18
                             Started mapping on |	May 30 01:51:19
                                    Finished on |	May 30 02:01:25
       Mapping speed, Million of reads per hour |	323.21

                          Number of input reads |	54407762
                      Average input read length |	299
                                    UNIQUE READS:
                   Uniquely mapped reads number |	1388614
                        Uniquely mapped reads % |	2.55%
                          Average mapped length |	293.09
                       Number of splices: Total |	24679
            Number of splices: Annotated (sjdb) |	0
                       Number of splices: GT/AG |	2818
                       Number of splices: GC/AG |	703
                       Number of splices: AT/AC |	2
               Number of splices: Non-canonical |	21156
                      Mismatch rate per base, % |	0.92%
                         Deletion rate per base |	0.44%
                        Deletion average length |	2.64
                        Insertion rate per base |	0.62%
                       Insertion average length |	2.52
                             MULTI-MAPPING READS:
        Number of reads mapped to multiple loci |	159979
             % of reads mapped to multiple loci |	0.29%
        Number of reads mapped to too many loci |	171
             % of reads mapped to too many loci |	0.00%
                                  UNMAPPED READS:
  Number of reads unmapped: too many mismatches |	0
       % of reads unmapped: too many mismatches |	0.00%
            Number of reads unmapped: too short |	24789
                 % of reads unmapped: too short |	0.05%
                Number of reads unmapped: other |	52834209
                     % of reads unmapped: other |	97.11%
                                  CHIMERIC READS:
                       Number of chimeric reads |	0
                            % of chimeric reads |	0.00%
