                                 Started job on |	May 30 02:54:52
                             Started mapping on |	May 30 02:54:53
                                    Finished on |	May 30 03:06:36
       Mapping speed, Million of reads per hour |	259.06

                          Number of input reads |	50587927
                      Average input read length |	299
                                    UNIQUE READS:
                   Uniquely mapped reads number |	2313843
                        Uniquely mapped reads % |	4.57%
                          Average mapped length |	292.24
                       Number of splices: Total |	44065
            Number of splices: Annotated (sjdb) |	0
                       Number of splices: GT/AG |	5647
                       Number of splices: GC/AG |	1175
                       Number of splices: AT/AC |	10
               Number of splices: Non-canonical |	37233
                      Mismatch rate per base, % |	0.90%
                         Deletion rate per base |	0.39%
                        Deletion average length |	2.69
                        Insertion rate per base |	0.65%
                       Insertion average length |	2.81
                             MULTI-MAPPING READS:
        Number of reads mapped to multiple loci |	295974
             % of reads mapped to multiple loci |	0.59%
        Number of reads mapped to too many loci |	244
             % of reads mapped to too many loci |	0.00%
                                  UNMAPPED READS:
  Number of reads unmapped: too many mismatches |	0
       % of reads unmapped: too many mismatches |	0.00%
            Number of reads unmapped: too short |	42695
                 % of reads unmapped: too short |	0.08%
                Number of reads unmapped: other |	47935171
                     % of reads unmapped: other |	94.76%
                                  CHIMERIC READS:
                       Number of chimeric reads |	0
                            % of chimeric reads |	0.00%
