                                 Started job on |	May 30 03:06:36
                             Started mapping on |	May 30 03:06:37
                                    Finished on |	May 30 03:16:11
       Mapping speed, Million of reads per hour |	331.78

                          Number of input reads |	52899880
                      Average input read length |	298
                                    UNIQUE READS:
                   Uniquely mapped reads number |	1031401
                        Uniquely mapped reads % |	1.95%
                          Average mapped length |	289.59
                       Number of splices: Total |	27714
            Number of splices: Annotated (sjdb) |	0
                       Number of splices: GT/AG |	2929
                       Number of splices: GC/AG |	1047
                       Number of splices: AT/AC |	1
               Number of splices: Non-canonical |	23737
                      Mismatch rate per base, % |	0.89%
                         Deletion rate per base |	0.42%
                        Deletion average length |	2.69
                        Insertion rate per base |	0.51%
                       Insertion average length |	2.25
                             MULTI-MAPPING READS:
        Number of reads mapped to multiple loci |	94800
             % of reads mapped to multiple loci |	0.18%
        Number of reads mapped to too many loci |	153
             % of reads mapped to too many loci |	0.00%
                                  UNMAPPED READS:
  Number of reads unmapped: too many mismatches |	0
       % of reads unmapped: too many mismatches |	0.00%
            Number of reads unmapped: too short |	31198
                 % of reads unmapped: too short |	0.06%
                Number of reads unmapped: other |	51742328
                     % of reads unmapped: other |	97.81%
                                  CHIMERIC READS:
                       Number of chimeric reads |	0
                            % of chimeric reads |	0.00%
