                                 Started job on |	May 30 02:22:22
                             Started mapping on |	May 30 02:22:23
                                    Finished on |	May 30 02:33:55
       Mapping speed, Million of reads per hour |	275.92

                          Number of input reads |	53037226
                      Average input read length |	299
                                    UNIQUE READS:
                   Uniquely mapped reads number |	2419007
                        Uniquely mapped reads % |	4.56%
                          Average mapped length |	293.45
                       Number of splices: Total |	39196
            Number of splices: Annotated (sjdb) |	0
                       Number of splices: GT/AG |	4994
                       Number of splices: GC/AG |	934
                       Number of splices: AT/AC |	2
               Number of splices: Non-canonical |	33266
                      Mismatch rate per base, % |	0.88%
                         Deletion rate per base |	0.38%
                        Deletion average length |	2.70
                        Insertion rate per base |	0.69%
                       Insertion average length |	2.84
                             MULTI-MAPPING READS:
        Number of reads mapped to multiple loci |	312282
             % of reads mapped to multiple loci |	0.59%
        Number of reads mapped to too many loci |	163
             % of reads mapped to too many loci |	0.00%
                                  UNMAPPED READS:
  Number of reads unmapped: too many mismatches |	0
       % of reads unmapped: too many mismatches |	0.00%
            Number of reads unmapped: too short |	31079
                 % of reads unmapped: too short |	0.06%
                Number of reads unmapped: other |	50274695
                     % of reads unmapped: other |	94.79%
                                  CHIMERIC READS:
                       Number of chimeric reads |	0
                            % of chimeric reads |	0.00%
