                                 Started job on |	May 29 20:05:48
                             Started mapping on |	May 29 20:05:49
                                    Finished on |	May 29 20:17:52
       Mapping speed, Million of reads per hour |	288.50

                          Number of input reads |	57940569
                      Average input read length |	299
                                    UNIQUE READS:
                   Uniquely mapped reads number |	1552809
                        Uniquely mapped reads % |	2.68%
                          Average mapped length |	292.18
                       Number of splices: Total |	28552
            Number of splices: Annotated (sjdb) |	0
                       Number of splices: GT/AG |	3556
                       Number of splices: GC/AG |	817
                       Number of splices: AT/AC |	3
               Number of splices: Non-canonical |	24176
                      Mismatch rate per base, % |	0.91%
                         Deletion rate per base |	0.43%
                        Deletion average length |	2.83
                        Insertion rate per base |	0.63%
                       Insertion average length |	2.80
                             MULTI-MAPPING READS:
        Number of reads mapped to multiple loci |	204975
             % of reads mapped to multiple loci |	0.35%
        Number of reads mapped to too many loci |	197
             % of reads mapped to too many loci |	0.00%
                                  UNMAPPED READS:
  Number of reads unmapped: too many mismatches |	0
       % of reads unmapped: too many mismatches |	0.00%
            Number of reads unmapped: too short |	31012
                 % of reads unmapped: too short |	0.05%
                Number of reads unmapped: other |	56151576
                     % of reads unmapped: other |	96.91%
                                  CHIMERIC READS:
                       Number of chimeric reads |	0
                            % of chimeric reads |	0.00%
