                                 Started job on |	May 29 19:46:16
                             Started mapping on |	May 29 19:46:17
                                    Finished on |	May 29 20:00:55
       Mapping speed, Million of reads per hour |	242.83

                          Number of input reads |	59223627
                      Average input read length |	299
                                    UNIQUE READS:
                   Uniquely mapped reads number |	2042947
                        Uniquely mapped reads % |	3.45%
                          Average mapped length |	291.94
                       Number of splices: Total |	37345
            Number of splices: Annotated (sjdb) |	0
                       Number of splices: GT/AG |	4187
                       Number of splices: GC/AG |	1150
                       Number of splices: AT/AC |	0
               Number of splices: Non-canonical |	32008
                      Mismatch rate per base, % |	0.88%
                         Deletion rate per base |	0.46%
                        Deletion average length |	2.83
                        Insertion rate per base |	0.60%
                       Insertion average length |	2.55
                             MULTI-MAPPING READS:
        Number of reads mapped to multiple loci |	213361
             % of reads mapped to multiple loci |	0.36%
        Number of reads mapped to too many loci |	264
             % of reads mapped to too many loci |	0.00%
                                  UNMAPPED READS:
  Number of reads unmapped: too many mismatches |	0
       % of reads unmapped: too many mismatches |	0.00%
            Number of reads unmapped: too short |	44579
                 % of reads unmapped: too short |	0.08%
                Number of reads unmapped: other |	56922476
                     % of reads unmapped: other |	96.11%
                                  CHIMERIC READS:
                       Number of chimeric reads |	0
                            % of chimeric reads |	0.00%
