                                 Started job on |	May 29 22:56:44
                             Started mapping on |	May 29 22:56:47
                                    Finished on |	May 29 23:07:12
       Mapping speed, Million of reads per hour |	341.99

                          Number of input reads |	59373415
                      Average input read length |	299
                                    UNIQUE READS:
                   Uniquely mapped reads number |	1778485
                        Uniquely mapped reads % |	3.00%
                          Average mapped length |	292.18
                       Number of splices: Total |	31195
            Number of splices: Annotated (sjdb) |	0
                       Number of splices: GT/AG |	4094
                       Number of splices: GC/AG |	796
                       Number of splices: AT/AC |	6
               Number of splices: Non-canonical |	26299
                      Mismatch rate per base, % |	0.83%
                         Deletion rate per base |	0.41%
                        Deletion average length |	2.98
                        Insertion rate per base |	0.68%
                       Insertion average length |	3.04
                             MULTI-MAPPING READS:
        Number of reads mapped to multiple loci |	244615
             % of reads mapped to multiple loci |	0.41%
        Number of reads mapped to too many loci |	196
             % of reads mapped to too many loci |	0.00%
                                  UNMAPPED READS:
  Number of reads unmapped: too many mismatches |	0
       % of reads unmapped: too many mismatches |	0.00%
            Number of reads unmapped: too short |	35590
                 % of reads unmapped: too short |	0.06%
                Number of reads unmapped: other |	57314529
                     % of reads unmapped: other |	96.53%
                                  CHIMERIC READS:
                       Number of chimeric reads |	0
                            % of chimeric reads |	0.00%
