                                 Started job on |	May 30 00:24:17
                             Started mapping on |	May 30 00:24:18
                                    Finished on |	May 30 00:34:39
       Mapping speed, Million of reads per hour |	322.36

                          Number of input reads |	55606352
                      Average input read length |	299
                                    UNIQUE READS:
                   Uniquely mapped reads number |	1819431
                        Uniquely mapped reads % |	3.27%
                          Average mapped length |	291.89
                       Number of splices: Total |	31912
            Number of splices: Annotated (sjdb) |	0
                       Number of splices: GT/AG |	4175
                       Number of splices: GC/AG |	797
                       Number of splices: AT/AC |	0
               Number of splices: Non-canonical |	26940
                      Mismatch rate per base, % |	0.86%
                         Deletion rate per base |	0.40%
                        Deletion average length |	2.89
                        Insertion rate per base |	0.67%
                       Insertion average length |	3.01
                             MULTI-MAPPING READS:
        Number of reads mapped to multiple loci |	246565
             % of reads mapped to multiple loci |	0.44%
        Number of reads mapped to too many loci |	182
             % of reads mapped to too many loci |	0.00%
                                  UNMAPPED READS:
  Number of reads unmapped: too many mismatches |	0
       % of reads unmapped: too many mismatches |	0.00%
            Number of reads unmapped: too short |	38485
                 % of reads unmapped: too short |	0.07%
                Number of reads unmapped: other |	53501689
                     % of reads unmapped: other |	96.22%
                                  CHIMERIC READS:
                       Number of chimeric reads |	0
                            % of chimeric reads |	0.00%
