                                 Started job on |	May 30 00:43:20
                             Started mapping on |	May 30 00:43:20
                                    Finished on |	May 30 00:55:50
       Mapping speed, Million of reads per hour |	266.52

                          Number of input reads |	55524233
                      Average input read length |	299
                                    UNIQUE READS:
                   Uniquely mapped reads number |	1875869
                        Uniquely mapped reads % |	3.38%
                          Average mapped length |	291.89
                       Number of splices: Total |	35320
            Number of splices: Annotated (sjdb) |	0
                       Number of splices: GT/AG |	4208
                       Number of splices: GC/AG |	1075
                       Number of splices: AT/AC |	2
               Number of splices: Non-canonical |	30035
                      Mismatch rate per base, % |	0.90%
                         Deletion rate per base |	0.44%
                        Deletion average length |	2.74
                        Insertion rate per base |	0.62%
                       Insertion average length |	2.58
                             MULTI-MAPPING READS:
        Number of reads mapped to multiple loci |	208507
             % of reads mapped to multiple loci |	0.38%
        Number of reads mapped to too many loci |	245
             % of reads mapped to too many loci |	0.00%
                                  UNMAPPED READS:
  Number of reads unmapped: too many mismatches |	0
       % of reads unmapped: too many mismatches |	0.00%
            Number of reads unmapped: too short |	39174
                 % of reads unmapped: too short |	0.07%
                Number of reads unmapped: other |	53400438
                     % of reads unmapped: other |	96.18%
                                  CHIMERIC READS:
                       Number of chimeric reads |	0
                            % of chimeric reads |	0.00%
