                                 Started job on |	May 29 19:17:58
                             Started mapping on |	May 29 19:17:58
                                    Finished on |	May 29 19:32:34
       Mapping speed, Million of reads per hour |	243.00

                          Number of input reads |	59129615
                      Average input read length |	299
                                    UNIQUE READS:
                   Uniquely mapped reads number |	1291875
                        Uniquely mapped reads % |	2.18%
                          Average mapped length |	291.86
                       Number of splices: Total |	24954
            Number of splices: Annotated (sjdb) |	0
                       Number of splices: GT/AG |	2980
                       Number of splices: GC/AG |	818
                       Number of splices: AT/AC |	1
               Number of splices: Non-canonical |	21155
                      Mismatch rate per base, % |	0.95%
                         Deletion rate per base |	0.43%
                        Deletion average length |	2.58
                        Insertion rate per base |	0.59%
                       Insertion average length |	2.44
                             MULTI-MAPPING READS:
        Number of reads mapped to multiple loci |	141965
             % of reads mapped to multiple loci |	0.24%
        Number of reads mapped to too many loci |	154
             % of reads mapped to too many loci |	0.00%
                                  UNMAPPED READS:
  Number of reads unmapped: too many mismatches |	0
       % of reads unmapped: too many mismatches |	0.00%
            Number of reads unmapped: too short |	28727
                 % of reads unmapped: too short |	0.05%
                Number of reads unmapped: other |	57666894
                     % of reads unmapped: other |	97.53%
                                  CHIMERIC READS:
                       Number of chimeric reads |	0
                            % of chimeric reads |	0.00%
