                                 Started job on |	May 30 00:33:19
                             Started mapping on |	May 30 00:33:19
                                    Finished on |	May 30 00:45:04
       Mapping speed, Million of reads per hour |	288.23

                          Number of input reads |	56444440
                      Average input read length |	299
                                    UNIQUE READS:
                   Uniquely mapped reads number |	2292430
                        Uniquely mapped reads % |	4.06%
                          Average mapped length |	292.30
                       Number of splices: Total |	38678
            Number of splices: Annotated (sjdb) |	0
                       Number of splices: GT/AG |	4775
                       Number of splices: GC/AG |	1034
                       Number of splices: AT/AC |	3
               Number of splices: Non-canonical |	32866
                      Mismatch rate per base, % |	0.85%
                         Deletion rate per base |	0.42%
                        Deletion average length |	2.91
                        Insertion rate per base |	0.70%
                       Insertion average length |	3.05
                             MULTI-MAPPING READS:
        Number of reads mapped to multiple loci |	334133
             % of reads mapped to multiple loci |	0.59%
        Number of reads mapped to too many loci |	258
             % of reads mapped to too many loci |	0.00%
                                  UNMAPPED READS:
  Number of reads unmapped: too many mismatches |	0
       % of reads unmapped: too many mismatches |	0.00%
            Number of reads unmapped: too short |	47537
                 % of reads unmapped: too short |	0.08%
                Number of reads unmapped: other |	53770082
                     % of reads unmapped: other |	95.26%
                                  CHIMERIC READS:
                       Number of chimeric reads |	0
                            % of chimeric reads |	0.00%
