                                 Started job on |	May 29 23:20:57
                             Started mapping on |	May 29 23:20:57
                                    Finished on |	May 29 23:33:35
       Mapping speed, Million of reads per hour |	276.80

                          Number of input reads |	58281582
                      Average input read length |	299
                                    UNIQUE READS:
                   Uniquely mapped reads number |	2316275
                        Uniquely mapped reads % |	3.97%
                          Average mapped length |	291.51
                       Number of splices: Total |	41356
            Number of splices: Annotated (sjdb) |	0
                       Number of splices: GT/AG |	4423
                       Number of splices: GC/AG |	1198
                       Number of splices: AT/AC |	0
               Number of splices: Non-canonical |	35735
                      Mismatch rate per base, % |	0.85%
                         Deletion rate per base |	0.50%
                        Deletion average length |	3.25
                        Insertion rate per base |	0.75%
                       Insertion average length |	3.21
                             MULTI-MAPPING READS:
        Number of reads mapped to multiple loci |	355944
             % of reads mapped to multiple loci |	0.61%
        Number of reads mapped to too many loci |	350
             % of reads mapped to too many loci |	0.00%
                                  UNMAPPED READS:
  Number of reads unmapped: too many mismatches |	0
       % of reads unmapped: too many mismatches |	0.00%
            Number of reads unmapped: too short |	48902
                 % of reads unmapped: too short |	0.08%
                Number of reads unmapped: other |	55560111
                     % of reads unmapped: other |	95.33%
                                  CHIMERIC READS:
                       Number of chimeric reads |	0
                            % of chimeric reads |	0.00%
