                                 Started job on |	May 29 23:14:54
                             Started mapping on |	May 29 23:14:55
                                    Finished on |	May 29 23:26:07
       Mapping speed, Million of reads per hour |	311.74

                          Number of input reads |	58190547
                      Average input read length |	298
                                    UNIQUE READS:
                   Uniquely mapped reads number |	1582582
                        Uniquely mapped reads % |	2.72%
                          Average mapped length |	290.25
                       Number of splices: Total |	34257
            Number of splices: Annotated (sjdb) |	0
                       Number of splices: GT/AG |	3621
                       Number of splices: GC/AG |	1103
                       Number of splices: AT/AC |	1
               Number of splices: Non-canonical |	29532
                      Mismatch rate per base, % |	0.86%
                         Deletion rate per base |	0.44%
                        Deletion average length |	2.94
                        Insertion rate per base |	0.67%
                       Insertion average length |	2.94
                             MULTI-MAPPING READS:
        Number of reads mapped to multiple loci |	220977
             % of reads mapped to multiple loci |	0.38%
        Number of reads mapped to too many loci |	301
             % of reads mapped to too many loci |	0.00%
                                  UNMAPPED READS:
  Number of reads unmapped: too many mismatches |	0
       % of reads unmapped: too many mismatches |	0.00%
            Number of reads unmapped: too short |	39877
                 % of reads unmapped: too short |	0.07%
                Number of reads unmapped: other |	56346810
                     % of reads unmapped: other |	96.83%
                                  CHIMERIC READS:
                       Number of chimeric reads |	0
                            % of chimeric reads |	0.00%
