                                 Started job on |	May 29 19:32:35
                             Started mapping on |	May 29 19:32:35
                                    Finished on |	May 29 19:46:16
       Mapping speed, Million of reads per hour |	259.83

                          Number of input reads |	59254725
                      Average input read length |	299
                                    UNIQUE READS:
                   Uniquely mapped reads number |	2145705
                        Uniquely mapped reads % |	3.62%
                          Average mapped length |	291.97
                       Number of splices: Total |	38485
            Number of splices: Annotated (sjdb) |	0
                       Number of splices: GT/AG |	4174
                       Number of splices: GC/AG |	1113
                       Number of splices: AT/AC |	2
               Number of splices: Non-canonical |	33196
                      Mismatch rate per base, % |	0.87%
                         Deletion rate per base |	0.43%
                        Deletion average length |	2.89
                        Insertion rate per base |	0.71%
                       Insertion average length |	3.07
                             MULTI-MAPPING READS:
        Number of reads mapped to multiple loci |	320119
             % of reads mapped to multiple loci |	0.54%
        Number of reads mapped to too many loci |	292
             % of reads mapped to too many loci |	0.00%
                                  UNMAPPED READS:
  Number of reads unmapped: too many mismatches |	0
       % of reads unmapped: too many mismatches |	0.00%
            Number of reads unmapped: too short |	57378
                 % of reads unmapped: too short |	0.10%
                Number of reads unmapped: other |	56731231
                     % of reads unmapped: other |	95.74%
                                  CHIMERIC READS:
                       Number of chimeric reads |	0
                            % of chimeric reads |	0.00%
