                                 Started job on |	May 29 19:23:59
                             Started mapping on |	May 29 19:23:59
                                    Finished on |	May 29 19:37:08
       Mapping speed, Million of reads per hour |	274.52

                          Number of input reads |	60164644
                      Average input read length |	299
                                    UNIQUE READS:
                   Uniquely mapped reads number |	2113797
                        Uniquely mapped reads % |	3.51%
                          Average mapped length |	291.99
                       Number of splices: Total |	34588
            Number of splices: Annotated (sjdb) |	0
                       Number of splices: GT/AG |	3918
                       Number of splices: GC/AG |	915
                       Number of splices: AT/AC |	4
               Number of splices: Non-canonical |	29751
                      Mismatch rate per base, % |	0.84%
                         Deletion rate per base |	0.43%
                        Deletion average length |	3.19
                        Insertion rate per base |	0.74%
                       Insertion average length |	3.28
                             MULTI-MAPPING READS:
        Number of reads mapped to multiple loci |	325139
             % of reads mapped to multiple loci |	0.54%
        Number of reads mapped to too many loci |	241
             % of reads mapped to too many loci |	0.00%
                                  UNMAPPED READS:
  Number of reads unmapped: too many mismatches |	0
       % of reads unmapped: too many mismatches |	0.00%
            Number of reads unmapped: too short |	41615
                 % of reads unmapped: too short |	0.07%
                Number of reads unmapped: other |	57683852
                     % of reads unmapped: other |	95.88%
                                  CHIMERIC READS:
                       Number of chimeric reads |	0
                            % of chimeric reads |	0.00%
