                                 Started job on |	May 29 19:37:08
                             Started mapping on |	May 29 19:37:09
                                    Finished on |	May 29 19:53:42
       Mapping speed, Million of reads per hour |	210.94

                          Number of input reads |	58184411
                      Average input read length |	298
                                    UNIQUE READS:
                   Uniquely mapped reads number |	2986883
                        Uniquely mapped reads % |	5.13%
                          Average mapped length |	290.85
                       Number of splices: Total |	67232
            Number of splices: Annotated (sjdb) |	0
                       Number of splices: GT/AG |	6790
                       Number of splices: GC/AG |	1835
                       Number of splices: AT/AC |	5
               Number of splices: Non-canonical |	58602
                      Mismatch rate per base, % |	0.87%
                         Deletion rate per base |	0.45%
                        Deletion average length |	2.96
                        Insertion rate per base |	0.68%
                       Insertion average length |	2.89
                             MULTI-MAPPING READS:
        Number of reads mapped to multiple loci |	412882
             % of reads mapped to multiple loci |	0.71%
        Number of reads mapped to too many loci |	445
             % of reads mapped to too many loci |	0.00%
                                  UNMAPPED READS:
  Number of reads unmapped: too many mismatches |	0
       % of reads unmapped: too many mismatches |	0.00%
            Number of reads unmapped: too short |	68897
                 % of reads unmapped: too short |	0.12%
                Number of reads unmapped: other |	54715304
                     % of reads unmapped: other |	94.04%
                                  CHIMERIC READS:
                       Number of chimeric reads |	0
                            % of chimeric reads |	0.00%
