                                 Started job on |	May 29 23:33:35
                             Started mapping on |	May 29 23:33:36
                                    Finished on |	May 29 23:43:44
       Mapping speed, Million of reads per hour |	350.31

                          Number of input reads |	59163678
                      Average input read length |	298
                                    UNIQUE READS:
                   Uniquely mapped reads number |	1166043
                        Uniquely mapped reads % |	1.97%
                          Average mapped length |	290.54
                       Number of splices: Total |	26318
            Number of splices: Annotated (sjdb) |	0
                       Number of splices: GT/AG |	2987
                       Number of splices: GC/AG |	878
                       Number of splices: AT/AC |	0
               Number of splices: Non-canonical |	22453
                      Mismatch rate per base, % |	0.84%
                         Deletion rate per base |	0.45%
                        Deletion average length |	2.83
                        Insertion rate per base |	0.52%
                       Insertion average length |	2.46
                             MULTI-MAPPING READS:
        Number of reads mapped to multiple loci |	117563
             % of reads mapped to multiple loci |	0.20%
        Number of reads mapped to too many loci |	183
             % of reads mapped to too many loci |	0.00%
                                  UNMAPPED READS:
  Number of reads unmapped: too many mismatches |	0
       % of reads unmapped: too many mismatches |	0.00%
            Number of reads unmapped: too short |	31962
                 % of reads unmapped: too short |	0.05%
                Number of reads unmapped: other |	57847927
                     % of reads unmapped: other |	97.78%
                                  CHIMERIC READS:
                       Number of chimeric reads |	0
                            % of chimeric reads |	0.00%
