                                 Started job on |	May 30 00:06:28
                             Started mapping on |	May 30 00:06:29
                                    Finished on |	May 30 00:17:00
       Mapping speed, Million of reads per hour |	327.20

                          Number of input reads |	57350896
                      Average input read length |	298
                                    UNIQUE READS:
                   Uniquely mapped reads number |	1399495
                        Uniquely mapped reads % |	2.44%
                          Average mapped length |	289.91
                       Number of splices: Total |	34808
            Number of splices: Annotated (sjdb) |	0
                       Number of splices: GT/AG |	3714
                       Number of splices: GC/AG |	1203
                       Number of splices: AT/AC |	3
               Number of splices: Non-canonical |	29888
                      Mismatch rate per base, % |	0.86%
                         Deletion rate per base |	0.43%
                        Deletion average length |	2.82
                        Insertion rate per base |	0.57%
                       Insertion average length |	2.53
                             MULTI-MAPPING READS:
        Number of reads mapped to multiple loci |	149822
             % of reads mapped to multiple loci |	0.26%
        Number of reads mapped to too many loci |	206
             % of reads mapped to too many loci |	0.00%
                                  UNMAPPED READS:
  Number of reads unmapped: too many mismatches |	0
       % of reads unmapped: too many mismatches |	0.00%
            Number of reads unmapped: too short |	41856
                 % of reads unmapped: too short |	0.07%
                Number of reads unmapped: other |	55759517
                     % of reads unmapped: other |	97.23%
                                  CHIMERIC READS:
                       Number of chimeric reads |	0
                            % of chimeric reads |	0.00%
