                                 Started job on |	May 30 00:14:14
                             Started mapping on |	May 30 00:14:15
                                    Finished on |	May 30 00:24:17
       Mapping speed, Million of reads per hour |	349.71

                          Number of input reads |	58478732
                      Average input read length |	299
                                    UNIQUE READS:
                   Uniquely mapped reads number |	1159371
                        Uniquely mapped reads % |	1.98%
                          Average mapped length |	291.41
                       Number of splices: Total |	25144
            Number of splices: Annotated (sjdb) |	0
                       Number of splices: GT/AG |	3008
                       Number of splices: GC/AG |	725
                       Number of splices: AT/AC |	1
               Number of splices: Non-canonical |	21410
                      Mismatch rate per base, % |	0.86%
                         Deletion rate per base |	0.43%
                        Deletion average length |	2.76
                        Insertion rate per base |	0.57%
                       Insertion average length |	2.56
                             MULTI-MAPPING READS:
        Number of reads mapped to multiple loci |	132168
             % of reads mapped to multiple loci |	0.23%
        Number of reads mapped to too many loci |	160
             % of reads mapped to too many loci |	0.00%
                                  UNMAPPED READS:
  Number of reads unmapped: too many mismatches |	0
       % of reads unmapped: too many mismatches |	0.00%
            Number of reads unmapped: too short |	28192
                 % of reads unmapped: too short |	0.05%
                Number of reads unmapped: other |	57158841
                     % of reads unmapped: other |	97.74%
                                  CHIMERIC READS:
                       Number of chimeric reads |	0
                            % of chimeric reads |	0.00%
