                                 Started job on |	May 30 01:40:46
                             Started mapping on |	May 30 01:40:46
                                    Finished on |	May 30 01:51:18
       Mapping speed, Million of reads per hour |	319.09

                          Number of input reads |	56018231
                      Average input read length |	299
                                    UNIQUE READS:
                   Uniquely mapped reads number |	1087962
                        Uniquely mapped reads % |	1.94%
                          Average mapped length |	291.86
                       Number of splices: Total |	25932
            Number of splices: Annotated (sjdb) |	0
                       Number of splices: GT/AG |	2518
                       Number of splices: GC/AG |	771
                       Number of splices: AT/AC |	3
               Number of splices: Non-canonical |	22640
                      Mismatch rate per base, % |	0.94%
                         Deletion rate per base |	0.42%
                        Deletion average length |	2.46
                        Insertion rate per base |	0.55%
                       Insertion average length |	2.25
                             MULTI-MAPPING READS:
        Number of reads mapped to multiple loci |	108067
             % of reads mapped to multiple loci |	0.19%
        Number of reads mapped to too many loci |	160
             % of reads mapped to too many loci |	0.00%
                                  UNMAPPED READS:
  Number of reads unmapped: too many mismatches |	0
       % of reads unmapped: too many mismatches |	0.00%
            Number of reads unmapped: too short |	26576
                 % of reads unmapped: too short |	0.05%
                Number of reads unmapped: other |	54795466
                     % of reads unmapped: other |	97.82%
                                  CHIMERIC READS:
                       Number of chimeric reads |	0
                            % of chimeric reads |	0.00%
