                                 Started job on |	May 30 02:28:38
                             Started mapping on |	May 30 02:28:39
                                    Finished on |	May 30 02:39:00
       Mapping speed, Million of reads per hour |	308.01

                          Number of input reads |	53132070
                      Average input read length |	299
                                    UNIQUE READS:
                   Uniquely mapped reads number |	1027331
                        Uniquely mapped reads % |	1.93%
                          Average mapped length |	292.26
                       Number of splices: Total |	24161
            Number of splices: Annotated (sjdb) |	0
                       Number of splices: GT/AG |	2542
                       Number of splices: GC/AG |	679
                       Number of splices: AT/AC |	0
               Number of splices: Non-canonical |	20940
                      Mismatch rate per base, % |	0.90%
                         Deletion rate per base |	0.35%
                        Deletion average length |	2.19
                        Insertion rate per base |	0.48%
                       Insertion average length |	2.00
                             MULTI-MAPPING READS:
        Number of reads mapped to multiple loci |	81912
             % of reads mapped to multiple loci |	0.15%
        Number of reads mapped to too many loci |	116
             % of reads mapped to too many loci |	0.00%
                                  UNMAPPED READS:
  Number of reads unmapped: too many mismatches |	0
       % of reads unmapped: too many mismatches |	0.00%
            Number of reads unmapped: too short |	24033
                 % of reads unmapped: too short |	0.05%
                Number of reads unmapped: other |	51998678
                     % of reads unmapped: other |	97.87%
                                  CHIMERIC READS:
                       Number of chimeric reads |	0
                            % of chimeric reads |	0.00%
