                                 Started job on |	May 29 19:53:43
                             Started mapping on |	May 29 19:53:43
                                    Finished on |	May 29 20:05:48
       Mapping speed, Million of reads per hour |	293.92

                          Number of input reads |	59192387
                      Average input read length |	299
                                    UNIQUE READS:
                   Uniquely mapped reads number |	1376449
                        Uniquely mapped reads % |	2.33%
                          Average mapped length |	292.22
                       Number of splices: Total |	29687
            Number of splices: Annotated (sjdb) |	0
                       Number of splices: GT/AG |	3160
                       Number of splices: GC/AG |	950
                       Number of splices: AT/AC |	0
               Number of splices: Non-canonical |	25577
                      Mismatch rate per base, % |	0.93%
                         Deletion rate per base |	0.40%
                        Deletion average length |	2.43
                        Insertion rate per base |	0.54%
                       Insertion average length |	2.26
                             MULTI-MAPPING READS:
        Number of reads mapped to multiple loci |	131321
             % of reads mapped to multiple loci |	0.22%
        Number of reads mapped to too many loci |	165
             % of reads mapped to too many loci |	0.00%
                                  UNMAPPED READS:
  Number of reads unmapped: too many mismatches |	0
       % of reads unmapped: too many mismatches |	0.00%
            Number of reads unmapped: too short |	30037
                 % of reads unmapped: too short |	0.05%
                Number of reads unmapped: other |	57654415
                     % of reads unmapped: other |	97.40%
                                  CHIMERIC READS:
                       Number of chimeric reads |	0
                            % of chimeric reads |	0.00%
