[2026-05-29 21:22:06.966] [jointLog] [info] setting maxHashResizeThreads to 8
[2026-05-29 21:22:06.966] [jointLog] [info] Fragment incompatibility prior below threshold.  Incompatible fragments will be ignored.
[2026-05-29 21:22:06.966] [jointLog] [info] Usage of --validateMappings implies use of minScoreFraction. Since not explicitly specified, it is being set to 0.65
[2026-05-29 21:22:06.966] [jointLog] [info] Setting consensusSlack to selective-alignment default of 0.35.
[2026-05-29 21:22:06.966] [jointLog] [info] parsing read library format
[2026-05-29 21:22:06.966] [jointLog] [info] There is 1 library.
[2026-05-29 21:22:06.967] [jointLog] [info] Loading pufferfish index
[2026-05-29 21:22:06.967] [jointLog] [info] Loading dense pufferfish index.
[2026-05-29 21:22:29.793] [jointLog] [info] done
[2026-05-29 21:22:29.846] [jointLog] [info] Index contained 315,988 targets
[2026-05-29 21:22:29.901] [jointLog] [info] Number of decoys : 194
[2026-05-29 21:22:29.901] [jointLog] [info] First decoy index : 315,747 
[2026-05-29 21:22:30.660] [jointLog] [info] Automatically detected most likely library type as ISR

[2026-05-29 21:35:21.905] [jointLog] [info] Thread saw mini-batch with a maximum of 4.04% zero probability fragments
[2026-05-29 21:35:21.981] [jointLog] [info] Thread saw mini-batch with a maximum of 3.86% zero probability fragments
[2026-05-29 21:35:22.058] [jointLog] [info] Thread saw mini-batch with a maximum of 3.96% zero probability fragments
[2026-05-29 21:35:22.060] [jointLog] [info] Thread saw mini-batch with a maximum of 3.96% zero probability fragments
[2026-05-29 21:35:22.090] [jointLog] [info] Thread saw mini-batch with a maximum of 3.84% zero probability fragments
[2026-05-29 21:35:22.107] [jointLog] [info] Thread saw mini-batch with a maximum of 4.00% zero probability fragments
[2026-05-29 21:35:22.163] [jointLog] [info] Thread saw mini-batch with a maximum of 4.06% zero probability fragments
[2026-05-29 21:35:22.277] [jointLog] [info] Thread saw mini-batch with a maximum of 3.92% zero probability fragments
[2026-05-29 21:35:22.946] [fileLog] [info] 
At end of round 0
==================
Observed 55365929 total fragments (55365929 in most recent round)

[2026-05-29 21:35:22.945] [jointLog] [info] Computed 741,554 rich equivalence classes for further processing
[2026-05-29 21:35:22.945] [jointLog] [info] Counted 26,780,401 total reads in the equivalence classes 
[2026-05-29 21:35:22.952] [jointLog] [info] Number of mappings discarded because of alignment score : 25,575,518
[2026-05-29 21:35:22.952] [jointLog] [info] Number of fragments entirely discarded because of alignment score : 9,075,755
[2026-05-29 21:35:22.952] [jointLog] [info] Number of fragments discarded because they are best-mapped to decoys : 8,467,638
[2026-05-29 21:35:22.952] [jointLog] [info] Number of fragments discarded because they have only dovetail (discordant) mappings to valid targets : 176,974
[2026-05-29 21:35:22.952] [jointLog] [info] Mapping rate = 48.3698%

[2026-05-29 21:35:22.952] [jointLog] [info] finished quantifyLibrary()
[2026-05-29 21:35:22.953] [jointLog] [info] Starting optimizer
[2026-05-29 21:35:31.474] [jointLog] [info] Marked 0 weighted equivalence classes as degenerate
[2026-05-29 21:35:31.536] [jointLog] [info] iteration = 0 | max rel diff. = 3928.54
[2026-05-29 21:35:34.976] [jointLog] [info] iteration = 100 | max rel diff. = 19.4834
[2026-05-29 21:35:38.452] [jointLog] [info] iteration = 200 | max rel diff. = 14.786
[2026-05-29 21:35:42.162] [jointLog] [info] iteration = 300 | max rel diff. = 12.6041
[2026-05-29 21:35:45.854] [jointLog] [info] iteration = 400 | max rel diff. = 4.15467
[2026-05-29 21:35:49.622] [jointLog] [info] iteration = 500 | max rel diff. = 9.75724
[2026-05-29 21:35:53.394] [jointLog] [info] iteration = 600 | max rel diff. = 3.95542
[2026-05-29 21:35:57.185] [jointLog] [info] iteration = 700 | max rel diff. = 7.04488
[2026-05-29 21:36:00.893] [jointLog] [info] iteration = 800 | max rel diff. = 1.9918
[2026-05-29 21:36:04.579] [jointLog] [info] iteration = 900 | max rel diff. = 5.58247
[2026-05-29 21:36:08.378] [jointLog] [info] iteration = 1,000 | max rel diff. = 1.38966
[2026-05-29 21:36:12.129] [jointLog] [info] iteration = 1,100 | max rel diff. = 0.0979202
[2026-05-29 21:36:15.914] [jointLog] [info] iteration = 1,200 | max rel diff. = 0.116855
[2026-05-29 21:36:19.746] [jointLog] [info] iteration = 1,300 | max rel diff. = 0.0557136
[2026-05-29 21:36:23.584] [jointLog] [info] iteration = 1,400 | max rel diff. = 0.159681
[2026-05-29 21:36:27.421] [jointLog] [info] iteration = 1,500 | max rel diff. = 0.730771
[2026-05-29 21:36:31.260] [jointLog] [info] iteration = 1,600 | max rel diff. = 0.193796
[2026-05-29 21:36:35.085] [jointLog] [info] iteration = 1,700 | max rel diff. = 0.0510426
[2026-05-29 21:36:38.872] [jointLog] [info] iteration = 1,800 | max rel diff. = 0.27549
[2026-05-29 21:36:42.701] [jointLog] [info] iteration = 1,900 | max rel diff. = 0.0644444
[2026-05-29 21:36:46.534] [jointLog] [info] iteration = 2,000 | max rel diff. = 0.0421702
[2026-05-29 21:36:47.459] [jointLog] [info] iteration = 2,025 | max rel diff. = 0.00818891
[2026-05-29 21:36:47.468] [jointLog] [info] Finished optimizer
[2026-05-29 21:36:47.468] [jointLog] [info] writing output 

